101.04.07 15:14 B C:\DOCUMENTOS\MisWeb\inicio3\lenguaje\LENGUAJE MUSICAL_archivos\notas1_archivos\escala2.gif --> ftp.espacio.ya.com /lenguaje/LENGUAJE MUSICAL_archivos/notas1_archivos escala2.gif
101.04.07 15:14 B C:\DOCUMENTOS\MisWeb\inicio3\lenguaje\LENGUAJE MUSICAL_archivos\notas1_archivos\filelist.xml --> ftp.espacio.ya.com /lenguaje/LENGUAJE MUSICAL_archivos/notas1_archivos filelist.xml
101.04.07 15:14 B C:\DOCUMENTOS\MisWeb\inicio3\lenguaje\LENGUAJE MUSICAL_archivos\notas1_archivos\image001.jpg --> ftp.espacio.ya.com /lenguaje/LENGUAJE MUSICAL_archivos/notas1_archivos image001.jpg
101.04.07 15:14 B C:\DOCUMENTOS\MisWeb\inicio3\lenguaje\LENGUAJE MUSICAL_archivos\notas1_archivos\image002.gif --> ftp.espacio.ya.com /lenguaje/LENGUAJE MUSICAL_archivos/notas1_archivos image002.gif
101.04.07 15:14 B C:\DOCUMENTOS\MisWeb\inicio3\lenguaje\LENGUAJE MUSICAL_archivos\notas1_archivos\image003.gif --> ftp.espacio.ya.com /lenguaje/LENGUAJE MUSICAL_archivos/notas1_archivos image003.gif
101.04.07 15:14 B C:\DOCUMENTOS\MisWeb\inicio3\lenguaje\LENGUAJE MUSICAL_archivos\notas1_archivos\image004.gif --> ftp.espacio.ya.com /lenguaje/LENGUAJE MUSICAL_archivos/notas1_archivos image004.gif
101.04.07 15:14 B C:\DOCUMENTOS\MisWeb\inicio3\lenguaje\LENGUAJE MUSICAL_archivos\notas1_archivos\image005.gif --> ftp.espacio.ya.com /lenguaje/LENGUAJE MUSICAL_archivos/notas1_archivos image005.gif
101.04.07 15:14 B C:\DOCUMENTOS\MisWeb\inicio3\lenguaje\LENGUAJE MUSICAL_archivos\notas1_archivos\image006.gif --> ftp.espacio.ya.com /lenguaje/LENGUAJE MUSICAL_archivos/notas1_archivos image006.gif
101.04.07 15:14 B C:\DOCUMENTOS\MisWeb\inicio3\lenguaje\LENGUAJE MUSICAL_archivos\notas1_archivos\image007.gif --> ftp.espacio.ya.com /lenguaje/LENGUAJE MUSICAL_archivos/notas1_archivos image007.gif
101.04.07 15:15 B C:\DOCUMENTOS\MisWeb\inicio3\lenguaje\LENGUAJE MUSICAL_archivos\notas1_archivos\image008.gif --> ftp.espacio.ya.com /lenguaje/LENGUAJE MUSICAL_archivos/notas1_archivos image008.gif
101.04.07 15:15 B C:\DOCUMENTOS\MisWeb\inicio3\lenguaje\LENGUAJE MUSICAL_archivos\notas1_archivos\image009.gif --> ftp.espacio.ya.com /lenguaje/LENGUAJE MUSICAL_archivos/notas1_archivos image009.gif
101.04.07 15:15 B C:\DOCUMENTOS\MisWeb\inicio3\lenguaje\LENGUAJE MUSICAL_archivos\notas1_archivos\image010.gif --> ftp.espacio.ya.com /lenguaje/LENGUAJE MUSICAL_archivos/notas1_archivos image010.gif
101.04.07 15:15 B C:\DOCUMENTOS\MisWeb\inicio3\lenguaje\LENGUAJE MUSICAL_archivos\notas1_archivos\image011.gif --> ftp.espacio.ya.com /lenguaje/LENGUAJE MUSICAL_archivos/notas1_archivos image011.gif
101.04.07 15:15 B C:\DOCUMENTOS\MisWeb\inicio3\lenguaje\LENGUAJE MUSICAL_archivos\notas1_archivos\image012.jpg --> ftp.espacio.ya.com /lenguaje/LENGUAJE MUSICAL_archivos/notas1_archivos image012.jpg
101.04.07 15:15 B C:\DOCUMENTOS\MisWeb\inicio3\lenguaje\LENGUAJE MUSICAL_archivos\notas1_archivos\image013.gif --> ftp.espacio.ya.com /lenguaje/LENGUAJE MUSICAL_archivos/notas1_archivos image013.gif
101.04.07 15:15 B C:\DOCUMENTOS\MisWeb\inicio3\lenguaje\LENGUAJE MUSICAL_archivos\notas1_archivos\image014.gif --> ftp.espacio.ya.com /lenguaje/LENGUAJE MUSICAL_archivos/notas1_archivos image014.gif
101.04.07 15:15 B C:\DOCUMENTOS\MisWeb\inicio3\lenguaje\LENGUAJE MUSICAL_archivos\notas1_archivos\interv.gif --> ftp.espacio.ya.com /lenguaje/LENGUAJE MUSICAL_archivos/notas1_archivos interv.gif
101.04.07 15:15 B C:\DOCUMENTOS\MisWeb\inicio3\lenguaje\LENGUAJE MUSICAL_archivos\notas1_archivos\notas3.gif --> ftp.espacio.ya.com /lenguaje/LENGUAJE MUSICAL_archivos/notas1_archivos notas3.gif
101.04.07 15:15 B C:\DOCUMENTOS\MisWeb\inicio3\lenguaje\LENGUAJE MUSICAL_archivos\notas1_archivos\notasan.gif --> ftp.espacio.ya.com /lenguaje/LENGUAJE MUSICAL_archivos/notas1_archivos notasan.gif
101.04.10 00:13 B C:\DOCUMENTOS\MisWeb\inicio3\lenguaje\LENGUAJE MUSICAL_archivos\notas1_archivos\escala2.gif --> ftp.elgratissitio.com /lenguaje/LENGUAJE MUSICAL_archivos/notas1_archivos escala2.gif
101.04.10 00:13 B C:\DOCUMENTOS\MisWeb\inicio3\lenguaje\LENGUAJE MUSICAL_archivos\notas1_archivos\filelist.xml --> ftp.elgratissitio.com /lenguaje/LENGUAJE MUSICAL_archivos/notas1_archivos filelist.xml
101.04.10 00:13 B C:\DOCUMENTOS\MisWeb\inicio3\lenguaje\LENGUAJE MUSICAL_archivos\notas1_archivos\image001.jpg --> ftp.elgratissitio.com /lenguaje/LENGUAJE MUSICAL_archivos/notas1_archivos image001.jpg
101.04.10 00:13 B C:\DOCUMENTOS\MisWeb\inicio3\lenguaje\LENGUAJE MUSICAL_archivos\notas1_archivos\image002.gif --> ftp.elgratissitio.com /lenguaje/LENGUAJE MUSICAL_archivos/notas1_archivos image002.gif
101.04.10 00:14 B C:\DOCUMENTOS\MisWeb\inicio3\lenguaje\LENGUAJE MUSICAL_archivos\notas1_archivos\image003.gif --> ftp.elgratissitio.com /lenguaje/LENGUAJE MUSICAL_archivos/notas1_archivos image003.gif
101.04.10 00:14 B C:\DOCUMENTOS\MisWeb\inicio3\lenguaje\LENGUAJE MUSICAL_archivos\notas1_archivos\image004.gif --> ftp.elgratissitio.com /lenguaje/LENGUAJE MUSICAL_archivos/notas1_archivos image004.gif
101.04.10 00:14 B C:\DOCUMENTOS\MisWeb\inicio3\lenguaje\LENGUAJE MUSICAL_archivos\notas1_archivos\image005.gif --> ftp.elgratissitio.com /lenguaje/LENGUAJE MUSICAL_archivos/notas1_archivos image005.gif
101.04.10 00:14 B C:\DOCUMENTOS\MisWeb\inicio3\lenguaje\LENGUAJE MUSICAL_archivos\notas1_archivos\image006.gif --> ftp.elgratissitio.com /lenguaje/LENGUAJE MUSICAL_archivos/notas1_archivos image006.gif
101.04.10 00:14 B C:\DOCUMENTOS\MisWeb\inicio3\lenguaje\LENGUAJE MUSICAL_archivos\notas1_archivos\image007.gif --> ftp.elgratissitio.com /lenguaje/LENGUAJE MUSICAL_archivos/notas1_archivos image007.gif
101.04.10 00:14 B C:\DOCUMENTOS\MisWeb\inicio3\lenguaje\LENGUAJE MUSICAL_archivos\notas1_archivos\image008.gif --> ftp.elgratissitio.com /lenguaje/LENGUAJE MUSICAL_archivos/notas1_archivos image008.gif
101.04.10 00:14 B C:\DOCUMENTOS\MisWeb\inicio3\lenguaje\LENGUAJE MUSICAL_archivos\notas1_archivos\image009.gif --> ftp.elgratissitio.com /lenguaje/LENGUAJE MUSICAL_archivos/notas1_archivos image009.gif
101.04.10 00:14 B C:\DOCUMENTOS\MisWeb\inicio3\lenguaje\LENGUAJE MUSICAL_archivos\notas1_archivos\image010.gif --> ftp.elgratissitio.com /lenguaje/LENGUAJE MUSICAL_archivos/notas1_archivos image010.gif
101.04.10 00:14 B C:\DOCUMENTOS\MisWeb\inicio3\lenguaje\LENGUAJE MUSICAL_archivos\notas1_archivos\image011.gif --> ftp.elgratissitio.com /lenguaje/LENGUAJE MUSICAL_archivos/notas1_archivos image011.gif
101.04.10 00:14 B C:\DOCUMENTOS\MisWeb\inicio3\lenguaje\LENGUAJE MUSICAL_archivos\notas1_archivos\image012.jpg --> ftp.elgratissitio.com /lenguaje/LENGUAJE MUSICAL_archivos/notas1_archivos image012.jpg
101.04.10 00:14 B C:\DOCUMENTOS\MisWeb\inicio3\lenguaje\LENGUAJE MUSICAL_archivos\notas1_archivos\image013.gif --> ftp.elgratissitio.com /lenguaje/LENGUAJE MUSICAL_archivos/notas1_archivos image013.gif
101.04.10 00:14 B C:\DOCUMENTOS\MisWeb\inicio3\lenguaje\LENGUAJE MUSICAL_archivos\notas1_archivos\image014.gif --> ftp.elgratissitio.com /lenguaje/LENGUAJE MUSICAL_archivos/notas1_archivos image014.gif
101.04.10 00:14 B C:\DOCUMENTOS\MisWeb\inicio3\lenguaje\LENGUAJE MUSICAL_archivos\notas1_archivos\interv.gif --> ftp.elgratissitio.com /lenguaje/LENGUAJE MUSICAL_archivos/notas1_archivos interv.gif
101.04.10 00:14 B C:\DOCUMENTOS\MisWeb\inicio3\lenguaje\LENGUAJE MUSICAL_archivos\notas1_archivos\notas3.gif --> ftp.elgratissitio.com /lenguaje/LENGUAJE MUSICAL_archivos/notas1_archivos notas3.gif
101.04.10 00:15 B C:\DOCUMENTOS\MisWeb\inicio3\lenguaje\LENGUAJE MUSICAL_archivos\notas1_archivos\notasan.gif --> ftp.elgratissitio.com /lenguaje/LENGUAJE MUSICAL_archivos/notas1_archivos notasan.gif
101.04.10 00:15 B C:\DOCUMENTOS\MisWeb\inicio3\lenguaje\LENGUAJE MUSICAL_archivos\notas1_archivos\WS_FTP.LOG --> ftp.elgratissitio.com /lenguaje/LENGUAJE MUSICAL_archivos/notas1_archivos WS_FTP.LOG
