101.04.06 00:29 B C:\DOCUMENTOS\MisWeb\inicio3\cancioner\4MULEROS.MID --> ftp.espacio.ya.com /cancioner 4MULEROS.MID
101.04.06 00:30 B C:\DOCUMENTOS\MisWeb\inicio3\cancioner\AAtocha.htm --> ftp.espacio.ya.com /cancioner AAtocha.htm
101.04.06 00:30 B C:\DOCUMENTOS\MisWeb\inicio3\cancioner\aatocha.mid --> ftp.espacio.ya.com /cancioner aatocha.mid
101.04.06 00:30 B C:\DOCUMENTOS\MisWeb\inicio3\cancioner\AAtocha2.htm --> ftp.espacio.ya.com /cancioner AAtocha2.htm
101.04.06 00:30 B C:\DOCUMENTOS\MisWeb\inicio3\cancioner\AAtochav.htm --> ftp.espacio.ya.com /cancioner AAtochav.htm
101.04.06 00:30 B C:\DOCUMENTOS\MisWeb\inicio3\cancioner\acoger.htm --> ftp.espacio.ya.com /cancioner acoger.htm
101.04.06 00:30 B C:\DOCUMENTOS\MisWeb\inicio3\cancioner\acogertr.mid --> ftp.espacio.ya.com /cancioner acogertr.mid
101.04.06 00:30 B C:\DOCUMENTOS\MisWeb\inicio3\cancioner\alfons12.mid --> ftp.espacio.ya.com /cancioner alfons12.mid
101.04.06 00:30 B C:\DOCUMENTOS\MisWeb\inicio3\cancioner\alpasar.htm --> ftp.espacio.ya.com /cancioner alpasar.htm
101.04.06 00:30 B C:\DOCUMENTOS\MisWeb\inicio3\cancioner\alpasar.mid --> ftp.espacio.ya.com /cancioner alpasar.mid
101.04.06 00:30 B C:\DOCUMENTOS\MisWeb\inicio3\cancioner\ambo.htm --> ftp.espacio.ya.com /cancioner ambo.htm
101.04.06 00:30 B C:\DOCUMENTOS\MisWeb\inicio3\cancioner\amboato.mid --> ftp.espacio.ya.com /cancioner amboato.mid
101.04.06 00:30 B C:\DOCUMENTOS\MisWeb\inicio3\cancioner\amiburro.htm --> ftp.espacio.ya.com /cancioner amiburro.htm
101.04.06 00:30 B C:\DOCUMENTOS\MisWeb\inicio3\cancioner\amiburro.mid --> ftp.espacio.ya.com /cancioner amiburro.mid
101.04.06 00:30 B C:\DOCUMENTOS\MisWeb\inicio3\cancioner\apedro.htm --> ftp.espacio.ya.com /cancioner apedro.htm
101.04.06 00:30 B C:\DOCUMENTOS\MisWeb\inicio3\cancioner\apedro.mid --> ftp.espacio.ya.com /cancioner apedro.mid
101.04.06 00:30 B C:\DOCUMENTOS\MisWeb\inicio3\cancioner\arroyo.htm --> ftp.espacio.ya.com /cancioner arroyo.htm
101.04.06 00:30 B C:\DOCUMENTOS\MisWeb\inicio3\cancioner\arroyocl.mid --> ftp.espacio.ya.com /cancioner arroyocl.mid
101.04.06 00:31 B C:\DOCUMENTOS\MisWeb\inicio3\cancioner\aserrin.htm --> ftp.espacio.ya.com /cancioner aserrin.htm
101.04.06 00:31 B C:\DOCUMENTOS\MisWeb\inicio3\cancioner\aserrin.mid --> ftp.espacio.ya.com /cancioner aserrin.mid
101.04.06 00:31 B C:\DOCUMENTOS\MisWeb\inicio3\cancioner\back.gif --> ftp.espacio.ya.com /cancioner back.gif
101.04.06 00:31 B C:\DOCUMENTOS\MisWeb\inicio3\cancioner\bartolo.htm --> ftp.espacio.ya.com /cancioner bartolo.htm
101.04.06 00:31 B C:\DOCUMENTOS\MisWeb\inicio3\cancioner\bartolo.mid --> ftp.espacio.ya.com /cancioner bartolo.mid
101.04.06 00:31 B C:\DOCUMENTOS\MisWeb\inicio3\cancioner\burro.mid --> ftp.espacio.ya.com /cancioner burro.mid
101.04.06 00:31 B C:\DOCUMENTOS\MisWeb\inicio3\cancioner\campito.htm --> ftp.espacio.ya.com /cancioner campito.htm
101.04.06 00:31 B C:\DOCUMENTOS\MisWeb\inicio3\cancioner\campito.mid --> ftp.espacio.ya.com /cancioner campito.mid
101.04.06 00:31 B C:\DOCUMENTOS\MisWeb\inicio3\cancioner\carbonerita.htm --> ftp.espacio.ya.com /cancioner carbonerita.htm
101.04.06 00:31 B C:\DOCUMENTOS\MisWeb\inicio3\cancioner\carbsala.mid --> ftp.espacio.ya.com /cancioner carbsala.mid
101.04.06 00:31 B C:\DOCUMENTOS\MisWeb\inicio3\cancioner\debajoun.htm --> ftp.espacio.ya.com /cancioner debajoun.htm
101.04.06 00:31 B C:\DOCUMENTOS\MisWeb\inicio3\cancioner\debajoun.mid --> ftp.espacio.ya.com /cancioner debajoun.mid
101.04.06 00:31 B C:\DOCUMENTOS\MisWeb\inicio3\cancioner\decadiz.htm --> ftp.espacio.ya.com /cancioner decadiz.htm
101.04.06 00:31 B C:\DOCUMENTOS\MisWeb\inicio3\cancioner\decadiza.mid --> ftp.espacio.ya.com /cancioner decadiza.mid
101.04.06 00:31 B C:\DOCUMENTOS\MisWeb\inicio3\cancioner\decolore.mid --> ftp.espacio.ya.com /cancioner decolore.mid
101.04.06 00:32 B C:\DOCUMENTOS\MisWeb\inicio3\cancioner\decolores.htm --> ftp.espacio.ya.com /cancioner decolores.htm
101.04.06 00:32 B C:\DOCUMENTOS\MisWeb\inicio3\cancioner\Doc1.htm --> ftp.espacio.ya.com /cancioner Doc1.htm
101.04.06 00:32 B C:\DOCUMENTOS\MisWeb\inicio3\cancioner\dodeestan.htm --> ftp.espacio.ya.com /cancioner dodeestan.htm
101.04.06 00:32 B C:\DOCUMENTOS\MisWeb\inicio3\cancioner\dondevas.htm --> ftp.espacio.ya.com /cancioner dondevas.htm
101.04.06 00:32 B C:\DOCUMENTOS\MisWeb\inicio3\cancioner\elcocherito.htm --> ftp.espacio.ya.com /cancioner elcocherito.htm
101.04.06 00:32 B C:\DOCUMENTOS\MisWeb\inicio3\cancioner\elconde.htm --> ftp.espacio.ya.com /cancioner elconde.htm
101.04.06 00:32 B C:\DOCUMENTOS\MisWeb\inicio3\cancioner\elgrillito.htm --> ftp.espacio.ya.com /cancioner elgrillito.htm
101.04.06 00:32 B C:\DOCUMENTOS\MisWeb\inicio3\cancioner\elpatio.htm --> ftp.espacio.ya.com /cancioner elpatio.htm
101.04.06 00:32 B C:\DOCUMENTOS\MisWeb\inicio3\cancioner\elpatio.mid --> ftp.espacio.ya.com /cancioner elpatio.mid
101.04.06 00:32 B C:\DOCUMENTOS\MisWeb\inicio3\cancioner\elsereno.htm --> ftp.espacio.ya.com /cancioner elsereno.htm
101.04.06 00:33 B C:\DOCUMENTOS\MisWeb\inicio3\cancioner\elvito.htm --> ftp.espacio.ya.com /cancioner elvito.htm
101.04.06 00:33 B C:\DOCUMENTOS\MisWeb\inicio3\cancioner\elvito.mid --> ftp.espacio.ya.com /cancioner elvito.mid
101.04.06 00:33 B C:\DOCUMENTOS\MisWeb\inicio3\cancioner\encadiz.htm --> ftp.espacio.ya.com /cancioner encadiz.htm
101.04.06 00:33 B C:\DOCUMENTOS\MisWeb\inicio3\cancioner\encadiz.mid --> ftp.espacio.ya.com /cancioner encadiz.mid
101.04.06 00:33 B C:\DOCUMENTOS\MisWeb\inicio3\cancioner\enelbalc.mid --> ftp.espacio.ya.com /cancioner enelbalc.mid
101.04.06 00:33 B C:\DOCUMENTOS\MisWeb\inicio3\cancioner\enelbalcon.htm --> ftp.espacio.ya.com /cancioner enelbalcon.htm
101.04.06 00:33 B C:\DOCUMENTOS\MisWeb\inicio3\cancioner\enelsalo.mid --> ftp.espacio.ya.com /cancioner enelsalo.mid
101.04.06 00:33 B C:\DOCUMENTOS\MisWeb\inicio3\cancioner\enelsalon.htm --> ftp.espacio.ya.com /cancioner enelsalon.htm
101.04.06 00:33 B C:\DOCUMENTOS\MisWeb\inicio3\cancioner\estannoche.htm --> ftp.espacio.ya.com /cancioner estannoche.htm
101.04.06 00:33 B C:\DOCUMENTOS\MisWeb\inicio3\cancioner\estanoch.mid --> ftp.espacio.ya.com /cancioner estanoch.mid
101.04.06 00:33 B C:\DOCUMENTOS\MisWeb\inicio3\cancioner\frere.htm --> ftp.espacio.ya.com /cancioner frere.htm
101.04.06 00:33 B C:\DOCUMENTOS\MisWeb\inicio3\cancioner\frere.mid --> ftp.espacio.ya.com /cancioner frere.mid
101.04.06 00:33 B C:\DOCUMENTOS\MisWeb\inicio3\cancioner\grillito.mid --> ftp.espacio.ya.com /cancioner grillito.mid
101.04.06 00:33 B C:\DOCUMENTOS\MisWeb\inicio3\cancioner\himalegr.mid --> ftp.espacio.ya.com /cancioner himalegr.mid
101.04.06 00:34 B C:\DOCUMENTOS\MisWeb\inicio3\cancioner\himnopaz.htm --> ftp.espacio.ya.com /cancioner himnopaz.htm
101.04.06 00:34 B C:\DOCUMENTOS\MisWeb\inicio3\cancioner\himoaleg.htm --> ftp.espacio.ya.com /cancioner himoaleg.htm
101.04.07 00:01 B C:\DOCUMENTOS\MisWeb\inicio3\cancioner\Partitura4MULEROS.htm --> ftp.espacio.ya.com /cancioner Partitura4MULEROS.htm
101.04.07 00:01 B C:\DOCUMENTOS\MisWeb\inicio3\cancioner\PartituraAAtocha.htm --> ftp.espacio.ya.com /cancioner PartituraAAtocha.htm
101.04.07 00:01 B C:\DOCUMENTOS\MisWeb\inicio3\cancioner\PartituraACOGERTREBOLE.htm --> ftp.espacio.ya.com /cancioner PartituraACOGERTREBOLE.htm
101.04.07 00:01 B C:\DOCUMENTOS\MisWeb\inicio3\cancioner\PartituraAlfonsoXII.htm --> ftp.espacio.ya.com /cancioner PartituraAlfonsoXII.htm
101.04.07 00:01 B C:\DOCUMENTOS\MisWeb\inicio3\cancioner\PartituraAlPasar.htm --> ftp.espacio.ya.com /cancioner PartituraAlPasar.htm
101.04.07 00:01 B C:\DOCUMENTOS\MisWeb\inicio3\cancioner\PartituraAmboAto.htm --> ftp.espacio.ya.com /cancioner PartituraAmboAto.htm
101.04.07 00:01 B C:\DOCUMENTOS\MisWeb\inicio3\cancioner\PartituraAmiBurro.htm --> ftp.espacio.ya.com /cancioner PartituraAmiBurro.htm
101.04.07 00:01 B C:\DOCUMENTOS\MisWeb\inicio3\cancioner\PartituraAPedroComoEraCalvo.htm --> ftp.espacio.ya.com /cancioner PartituraAPedroComoEraCalvo.htm
101.04.07 00:01 B C:\DOCUMENTOS\MisWeb\inicio3\cancioner\PartituraArroyoClaro.htm --> ftp.espacio.ya.com /cancioner PartituraArroyoClaro.htm
101.04.07 00:01 B C:\DOCUMENTOS\MisWeb\inicio3\cancioner\PartituraAserrin.htm --> ftp.espacio.ya.com /cancioner PartituraAserrin.htm
101.04.07 00:01 B C:\DOCUMENTOS\MisWeb\inicio3\cancioner\PartituraBartolo.htm --> ftp.espacio.ya.com /cancioner PartituraBartolo.htm
101.04.07 00:02 B C:\DOCUMENTOS\MisWeb\inicio3\cancioner\PartituraCampitoDelMoro.htm --> ftp.espacio.ya.com /cancioner PartituraCampitoDelMoro.htm
101.04.07 00:02 B C:\DOCUMENTOS\MisWeb\inicio3\cancioner\PartituracCARBONERITASALAMANCA.htm --> ftp.espacio.ya.com /cancioner PartituracCARBONERITASALAMANCA.htm
101.04.07 00:02 B C:\DOCUMENTOS\MisWeb\inicio3\cancioner\PartituraDebajoUnBoton.htm --> ftp.espacio.ya.com /cancioner PartituraDebajoUnBoton.htm
101.04.07 00:02 B C:\DOCUMENTOS\MisWeb\inicio3\cancioner\PartituraDeCadizAlPuerto.htm --> ftp.espacio.ya.com /cancioner PartituraDeCadizAlPuerto.htm
101.04.07 00:02 B C:\DOCUMENTOS\MisWeb\inicio3\cancioner\PartituraDeColores.htm --> ftp.espacio.ya.com /cancioner PartituraDeColores.htm
101.04.07 00:02 B C:\DOCUMENTOS\MisWeb\inicio3\cancioner\PartituraElPatio.htm --> ftp.espacio.ya.com /cancioner PartituraElPatio.htm
101.04.07 00:02 B C:\DOCUMENTOS\MisWeb\inicio3\cancioner\PartituraElSereno.htm --> ftp.espacio.ya.com /cancioner PartituraElSereno.htm
101.04.07 00:02 B C:\DOCUMENTOS\MisWeb\inicio3\cancioner\PartituraEnCádiz.htm --> ftp.espacio.ya.com /cancioner PartituraEnCádiz.htm
101.04.07 00:02 B C:\DOCUMENTOS\MisWeb\inicio3\cancioner\PartituraEnElBalcon.htm --> ftp.espacio.ya.com /cancioner PartituraEnElBalcon.htm
101.04.07 00:02 B C:\DOCUMENTOS\MisWeb\inicio3\cancioner\PartituraEnElSalon.htm --> ftp.espacio.ya.com /cancioner PartituraEnElSalon.htm
101.04.07 00:03 B C:\DOCUMENTOS\MisWeb\inicio3\cancioner\PartituraESTANOCHE.htm --> ftp.espacio.ya.com /cancioner PartituraESTANOCHE.htm
101.04.07 00:03 B C:\DOCUMENTOS\MisWeb\inicio3\cancioner\PartituraFANTOCHES.htm --> ftp.espacio.ya.com /cancioner PartituraFANTOCHES.htm
101.04.07 00:03 B C:\DOCUMENTOS\MisWeb\inicio3\cancioner\PartituraFRERE.htm --> ftp.espacio.ya.com /cancioner PartituraFRERE.htm
101.04.07 00:03 B C:\DOCUMENTOS\MisWeb\inicio3\cancioner\PartituraGrillitoCri.htm --> ftp.espacio.ya.com /cancioner PartituraGrillitoCri.htm
101.04.07 00:03 B C:\DOCUMENTOS\MisWeb\inicio3\cancioner\PartituraHIMNOALEGRIA.htm --> ftp.espacio.ya.com /cancioner PartituraHIMNOALEGRIA.htm
101.04.07 00:03 B C:\DOCUMENTOS\MisWeb\inicio3\cancioner\PartituraHIMNOPAZ.htm --> ftp.espacio.ya.com /cancioner PartituraHIMNOPAZ.htm
101.04.07 00:03 B C:\DOCUMENTOS\MisWeb\inicio3\cancioner\PartituraJARDINERITA.htm --> ftp.espacio.ya.com /cancioner PartituraJARDINERITA.htm
101.04.07 00:03 B C:\DOCUMENTOS\MisWeb\inicio3\cancioner\PartituraLACARBONERITA.htm --> ftp.espacio.ya.com /cancioner PartituraLACARBONERITA.htm
101.04.07 00:03 B C:\DOCUMENTOS\MisWeb\inicio3\cancioner\PartituraLAPASTORA.htm --> ftp.espacio.ya.com /cancioner PartituraLAPASTORA.htm
101.04.07 00:03 B C:\DOCUMENTOS\MisWeb\inicio3\cancioner\PartituraLARANA.htm --> ftp.espacio.ya.com /cancioner PartituraLARANA.htm
101.04.07 00:03 B C:\DOCUMENTOS\MisWeb\inicio3\cancioner\PartituraLAREINA.htm --> ftp.espacio.ya.com /cancioner PartituraLAREINA.htm
101.04.07 00:04 B C:\DOCUMENTOS\MisWeb\inicio3\cancioner\PartituraLasLLaves.htm --> ftp.espacio.ya.com /cancioner PartituraLasLLaves.htm
101.04.07 00:04 B C:\DOCUMENTOS\MisWeb\inicio3\cancioner\PartituraLAVIUDITA.htm --> ftp.espacio.ya.com /cancioner PartituraLAVIUDITA.htm
101.04.07 00:04 B C:\DOCUMENTOS\MisWeb\inicio3\cancioner\PartituraLLEVANLASSEVILLANAS.htm --> ftp.espacio.ya.com /cancioner PartituraLLEVANLASSEVILLANAS.htm
101.04.07 00:04 B C:\DOCUMENTOS\MisWeb\inicio3\cancioner\PartituraMAMBRU.htm --> ftp.espacio.ya.com /cancioner PartituraMAMBRU.htm
101.04.07 00:04 B C:\DOCUMENTOS\MisWeb\inicio3\cancioner\PartituraMANANITAS.htm --> ftp.espacio.ya.com /cancioner PartituraMANANITAS.htm
101.04.07 00:04 B C:\DOCUMENTOS\MisWeb\inicio3\cancioner\PartituraMEDIANARANJA.htm --> ftp.espacio.ya.com /cancioner PartituraMEDIANARANJA.htm
101.04.07 00:04 B C:\DOCUMENTOS\MisWeb\inicio3\cancioner\PartituraMORITO.htm --> ftp.espacio.ya.com /cancioner PartituraMORITO.htm
101.04.07 00:04 B C:\DOCUMENTOS\MisWeb\inicio3\cancioner\PartituraOlinos.htm --> ftp.espacio.ya.com /cancioner PartituraOlinos.htm
101.04.07 00:04 B C:\DOCUMENTOS\MisWeb\inicio3\cancioner\PartituraPASTORA.htm --> ftp.espacio.ya.com /cancioner PartituraPASTORA.htm
101.04.07 00:04 B C:\DOCUMENTOS\MisWeb\inicio3\cancioner\PartituraPIMPON.htm --> ftp.espacio.ya.com /cancioner PartituraPIMPON.htm
101.04.07 00:04 B C:\DOCUMENTOS\MisWeb\inicio3\cancioner\PartituraPORLACALLE.htm --> ftp.espacio.ya.com /cancioner PartituraPORLACALLE.htm
101.04.07 00:05 B C:\DOCUMENTOS\MisWeb\inicio3\cancioner\PartituraQUELLUEVA.htm --> ftp.espacio.ya.com /cancioner PartituraQUELLUEVA.htm
101.04.07 00:05 B C:\DOCUMENTOS\MisWeb\inicio3\cancioner\PartituraQUISIERA.htm --> ftp.espacio.ya.com /cancioner PartituraQUISIERA.htm
101.04.07 00:05 B C:\DOCUMENTOS\MisWeb\inicio3\cancioner\PartituraRATONQUE.htm --> ftp.espacio.ya.com /cancioner PartituraRATONQUE.htm
101.04.07 00:05 B C:\DOCUMENTOS\MisWeb\inicio3\cancioner\PartituraREINADELOSMARES.htm --> ftp.espacio.ya.com /cancioner PartituraREINADELOSMARES.htm
101.04.07 00:05 B C:\DOCUMENTOS\MisWeb\inicio3\cancioner\PartituraSERENIN1.htm --> ftp.espacio.ya.com /cancioner PartituraSERENIN1.htm
101.04.07 00:05 B C:\DOCUMENTOS\MisWeb\inicio3\cancioner\PartituraSERENIN2.htm --> ftp.espacio.ya.com /cancioner PartituraSERENIN2.htm
101.04.07 00:05 B C:\DOCUMENTOS\MisWeb\inicio3\cancioner\PartituraTANTOVESTIDO.htm --> ftp.espacio.ya.com /cancioner PartituraTANTOVESTIDO.htm
101.04.07 00:05 B C:\DOCUMENTOS\MisWeb\inicio3\cancioner\PartituraTarara.htm --> ftp.espacio.ya.com /cancioner PartituraTarara.htm
101.04.07 00:05 B C:\DOCUMENTOS\MisWeb\inicio3\cancioner\PartituraTENGO.htm --> ftp.espacio.ya.com /cancioner PartituraTENGO.htm
101.04.07 00:05 B C:\DOCUMENTOS\MisWeb\inicio3\cancioner\PartituraTRESHOJITAS.htm --> ftp.espacio.ya.com /cancioner PartituraTRESHOJITAS.htm
101.04.07 00:05 B C:\DOCUMENTOS\MisWeb\inicio3\cancioner\PartiturauNATARDE.htm --> ftp.espacio.ya.com /cancioner PartiturauNATARDE.htm
101.04.07 00:05 B C:\DOCUMENTOS\MisWeb\inicio3\cancioner\PartituraVITO.htm --> ftp.espacio.ya.com /cancioner PartituraVITO.htm
101.04.07 00:05 B C:\DOCUMENTOS\MisWeb\inicio3\cancioner\PartituraYaMurioBurro.htm --> ftp.espacio.ya.com /cancioner PartituraYaMurioBurro.htm
101.04.07 00:05 B C:\DOCUMENTOS\MisWeb\inicio3\cancioner\paz2.mid --> ftp.espacio.ya.com /cancioner paz2.mid
101.04.07 00:06 B C:\DOCUMENTOS\MisWeb\inicio3\cancioner\pimpon.htm --> ftp.espacio.ya.com /cancioner pimpon.htm
101.04.07 00:06 B C:\DOCUMENTOS\MisWeb\inicio3\cancioner\pimpon.mid --> ftp.espacio.ya.com /cancioner pimpon.mid
101.04.07 00:06 B C:\DOCUMENTOS\MisWeb\inicio3\cancioner\porlacal.mid --> ftp.espacio.ya.com /cancioner porlacal.mid
101.04.07 00:06 B C:\DOCUMENTOS\MisWeb\inicio3\cancioner\porlacalle.htm --> ftp.espacio.ya.com /cancioner porlacalle.htm
101.04.07 00:06 B C:\DOCUMENTOS\MisWeb\inicio3\cancioner\quelluev.mid --> ftp.espacio.ya.com /cancioner quelluev.mid
101.04.07 00:06 B C:\DOCUMENTOS\MisWeb\inicio3\cancioner\quellueva.htm --> ftp.espacio.ya.com /cancioner quellueva.htm
101.04.07 00:06 B C:\DOCUMENTOS\MisWeb\inicio3\cancioner\quisiera.htm --> ftp.espacio.ya.com /cancioner quisiera.htm
101.04.07 00:06 B C:\DOCUMENTOS\MisWeb\inicio3\cancioner\quisiera.mid --> ftp.espacio.ya.com /cancioner quisiera.mid
101.04.07 00:06 B C:\DOCUMENTOS\MisWeb\inicio3\cancioner\ratonque.htm --> ftp.espacio.ya.com /cancioner ratonque.htm
101.04.07 00:06 B C:\DOCUMENTOS\MisWeb\inicio3\cancioner\ratonque.mid --> ftp.espacio.ya.com /cancioner ratonque.mid
101.04.07 00:06 B C:\DOCUMENTOS\MisWeb\inicio3\cancioner\sanserenin.htm --> ftp.espacio.ya.com /cancioner sanserenin.htm
101.04.07 00:06 B C:\DOCUMENTOS\MisWeb\inicio3\cancioner\sanserenin2.htm --> ftp.espacio.ya.com /cancioner sanserenin2.htm
101.04.07 00:06 B C:\DOCUMENTOS\MisWeb\inicio3\cancioner\saseren2.mid --> ftp.espacio.ya.com /cancioner saseren2.mid
101.04.07 00:06 B C:\DOCUMENTOS\MisWeb\inicio3\cancioner\serenin1.mid --> ftp.espacio.ya.com /cancioner serenin1.mid
101.04.07 00:07 B C:\DOCUMENTOS\MisWeb\inicio3\cancioner\sereno.mid --> ftp.espacio.ya.com /cancioner sereno.mid
101.04.07 00:07 B C:\DOCUMENTOS\MisWeb\inicio3\cancioner\soylarei.mid --> ftp.espacio.ya.com /cancioner soylarei.mid
101.04.07 00:07 B C:\DOCUMENTOS\MisWeb\inicio3\cancioner\soylareina.htm --> ftp.espacio.ya.com /cancioner soylareina.htm
101.04.07 00:07 B C:\DOCUMENTOS\MisWeb\inicio3\cancioner\tanto.htm --> ftp.espacio.ya.com /cancioner tanto.htm
101.04.07 00:07 B C:\DOCUMENTOS\MisWeb\inicio3\cancioner\tanto.mid --> ftp.espacio.ya.com /cancioner tanto.mid
101.04.07 00:07 B C:\DOCUMENTOS\MisWeb\inicio3\cancioner\tengo.htm --> ftp.espacio.ya.com /cancioner tengo.htm
101.04.07 00:07 B C:\DOCUMENTOS\MisWeb\inicio3\cancioner\tengo.mid --> ftp.espacio.ya.com /cancioner tengo.mid
101.04.07 00:07 B C:\DOCUMENTOS\MisWeb\inicio3\cancioner\treshoji.mid --> ftp.espacio.ya.com /cancioner treshoji.mid
101.04.07 00:07 B C:\DOCUMENTOS\MisWeb\inicio3\cancioner\treshojitas.htm --> ftp.espacio.ya.com /cancioner treshojitas.htm
101.04.07 00:07 B C:\DOCUMENTOS\MisWeb\inicio3\cancioner\unatarde.htm --> ftp.espacio.ya.com /cancioner unatarde.htm
101.04.07 00:07 B C:\DOCUMENTOS\MisWeb\inicio3\cancioner\unatarde.mid --> ftp.espacio.ya.com /cancioner unatarde.mid
101.04.07 00:07 B C:\DOCUMENTOS\MisWeb\inicio3\cancioner\WS_FTP.LOG --> ftp.espacio.ya.com /cancioner WS_FTP.LOG
101.04.07 00:08 B C:\DOCUMENTOS\MisWeb\inicio3\cancioner\yasemurio.htm --> ftp.espacio.ya.com /cancioner yasemurio.htm
101.04.07 12:30 B C:\DOCUMENTOS\MisWeb\inicio3\cancioner\~$tocha2.htm --> ftp.espacio.ya.com /cancioner ~$tocha2.htm
101.04.08 23:05 B C:\DOCUMENTOS\MisWeb\inicio3\cancioner\4MULEROS.MID --> ftp.elgratissitio.com /cancioner 4MULEROS.MID
101.04.08 23:05 B C:\DOCUMENTOS\MisWeb\inicio3\cancioner\AAtocha.htm --> ftp.elgratissitio.com /cancioner AAtocha.htm
101.04.08 23:05 B C:\DOCUMENTOS\MisWeb\inicio3\cancioner\aatocha.mid --> ftp.elgratissitio.com /cancioner aatocha.mid
101.04.08 23:05 B C:\DOCUMENTOS\MisWeb\inicio3\cancioner\AAtocha2.htm --> ftp.elgratissitio.com /cancioner AAtocha2.htm
101.04.08 23:05 B C:\DOCUMENTOS\MisWeb\inicio3\cancioner\AAtochav.htm --> ftp.elgratissitio.com /cancioner AAtochav.htm
101.04.08 23:05 B C:\DOCUMENTOS\MisWeb\inicio3\cancioner\acoger.htm --> ftp.elgratissitio.com /cancioner acoger.htm
101.04.08 23:05 B C:\DOCUMENTOS\MisWeb\inicio3\cancioner\acogertr.mid --> ftp.elgratissitio.com /cancioner acogertr.mid
101.04.08 23:05 B C:\DOCUMENTOS\MisWeb\inicio3\cancioner\alfons12.mid --> ftp.elgratissitio.com /cancioner alfons12.mid
101.04.08 23:05 B C:\DOCUMENTOS\MisWeb\inicio3\cancioner\alpasar.htm --> ftp.elgratissitio.com /cancioner alpasar.htm
101.04.08 23:06 B C:\DOCUMENTOS\MisWeb\inicio3\cancioner\alpasar.mid --> ftp.elgratissitio.com /cancioner alpasar.mid
101.04.08 23:06 B C:\DOCUMENTOS\MisWeb\inicio3\cancioner\ambo.htm --> ftp.elgratissitio.com /cancioner ambo.htm
101.04.08 23:06 B C:\DOCUMENTOS\MisWeb\inicio3\cancioner\amboato.mid --> ftp.elgratissitio.com /cancioner amboato.mid
101.04.08 23:06 B C:\DOCUMENTOS\MisWeb\inicio3\cancioner\amiburro.htm --> ftp.elgratissitio.com /cancioner amiburro.htm
101.04.08 23:06 B C:\DOCUMENTOS\MisWeb\inicio3\cancioner\amiburro.mid --> ftp.elgratissitio.com /cancioner amiburro.mid
101.04.08 23:06 B C:\DOCUMENTOS\MisWeb\inicio3\cancioner\apedro.htm --> ftp.elgratissitio.com /cancioner apedro.htm
101.04.08 23:06 B C:\DOCUMENTOS\MisWeb\inicio3\cancioner\apedro.mid --> ftp.elgratissitio.com /cancioner apedro.mid
101.04.08 23:06 B C:\DOCUMENTOS\MisWeb\inicio3\cancioner\arroyo.htm --> ftp.elgratissitio.com /cancioner arroyo.htm
101.04.08 23:06 B C:\DOCUMENTOS\MisWeb\inicio3\cancioner\arroyocl.mid --> ftp.elgratissitio.com /cancioner arroyocl.mid
101.04.08 23:06 B C:\DOCUMENTOS\MisWeb\inicio3\cancioner\aserrin.htm --> ftp.elgratissitio.com /cancioner aserrin.htm
101.04.08 23:07 B C:\DOCUMENTOS\MisWeb\inicio3\cancioner\aserrin.mid --> ftp.elgratissitio.com /cancioner aserrin.mid
101.04.08 23:07 B C:\DOCUMENTOS\MisWeb\inicio3\cancioner\back.gif --> ftp.elgratissitio.com /cancioner back.gif
101.04.08 23:07 B C:\DOCUMENTOS\MisWeb\inicio3\cancioner\bartolo.htm --> ftp.elgratissitio.com /cancioner bartolo.htm
101.04.08 23:07 B C:\DOCUMENTOS\MisWeb\inicio3\cancioner\bartolo.mid --> ftp.elgratissitio.com /cancioner bartolo.mid
101.04.08 23:07 B C:\DOCUMENTOS\MisWeb\inicio3\cancioner\burro.mid --> ftp.elgratissitio.com /cancioner burro.mid
101.04.08 23:07 B C:\DOCUMENTOS\MisWeb\inicio3\cancioner\campito.htm --> ftp.elgratissitio.com /cancioner campito.htm
101.04.08 23:07 B C:\DOCUMENTOS\MisWeb\inicio3\cancioner\campito.mid --> ftp.elgratissitio.com /cancioner campito.mid
101.04.08 23:08 B C:\DOCUMENTOS\MisWeb\inicio3\cancioner\carbonerita.htm --> ftp.elgratissitio.com /cancioner carbonerita.htm
101.04.08 23:08 B C:\DOCUMENTOS\MisWeb\inicio3\cancioner\carbsala.mid --> ftp.elgratissitio.com /cancioner carbsala.mid
101.04.08 23:08 B C:\DOCUMENTOS\MisWeb\inicio3\cancioner\debajoun.htm --> ftp.elgratissitio.com /cancioner debajoun.htm
101.04.08 23:08 B C:\DOCUMENTOS\MisWeb\inicio3\cancioner\debajoun.mid --> ftp.elgratissitio.com /cancioner debajoun.mid
101.04.08 23:08 B C:\DOCUMENTOS\MisWeb\inicio3\cancioner\decadiz.htm --> ftp.elgratissitio.com /cancioner decadiz.htm
101.04.08 23:08 B C:\DOCUMENTOS\MisWeb\inicio3\cancioner\decadiza.mid --> ftp.elgratissitio.com /cancioner decadiza.mid
101.04.08 23:08 B C:\DOCUMENTOS\MisWeb\inicio3\cancioner\decolore.mid --> ftp.elgratissitio.com /cancioner decolore.mid
101.04.08 23:08 B C:\DOCUMENTOS\MisWeb\inicio3\cancioner\decolores.htm --> ftp.elgratissitio.com /cancioner decolores.htm
101.04.08 23:08 B C:\DOCUMENTOS\MisWeb\inicio3\cancioner\Doc1.htm --> ftp.elgratissitio.com /cancioner Doc1.htm
101.04.08 23:08 B C:\DOCUMENTOS\MisWeb\inicio3\cancioner\dodeestan.htm --> ftp.elgratissitio.com /cancioner dodeestan.htm
101.04.08 23:09 B C:\DOCUMENTOS\MisWeb\inicio3\cancioner\dondevas.htm --> ftp.elgratissitio.com /cancioner dondevas.htm
101.04.08 23:09 B C:\DOCUMENTOS\MisWeb\inicio3\cancioner\elcocherito.htm --> ftp.elgratissitio.com /cancioner elcocherito.htm
101.04.08 23:09 B C:\DOCUMENTOS\MisWeb\inicio3\cancioner\elconde.htm --> ftp.elgratissitio.com /cancioner elconde.htm
101.04.08 23:09 B C:\DOCUMENTOS\MisWeb\inicio3\cancioner\elgrillito.htm --> ftp.elgratissitio.com /cancioner elgrillito.htm
101.04.08 23:09 B C:\DOCUMENTOS\MisWeb\inicio3\cancioner\elpatio.htm --> ftp.elgratissitio.com /cancioner elpatio.htm
101.04.08 23:09 B C:\DOCUMENTOS\MisWeb\inicio3\cancioner\elpatio.mid --> ftp.elgratissitio.com /cancioner elpatio.mid
101.04.08 23:09 B C:\DOCUMENTOS\MisWeb\inicio3\cancioner\elsereno.htm --> ftp.elgratissitio.com /cancioner elsereno.htm
101.04.08 23:09 B C:\DOCUMENTOS\MisWeb\inicio3\cancioner\elvito.htm --> ftp.elgratissitio.com /cancioner elvito.htm
101.04.08 23:09 B C:\DOCUMENTOS\MisWeb\inicio3\cancioner\elvito.mid --> ftp.elgratissitio.com /cancioner elvito.mid
101.04.08 23:10 B C:\DOCUMENTOS\MisWeb\inicio3\cancioner\encadiz.htm --> ftp.elgratissitio.com /cancioner encadiz.htm
101.04.08 23:10 B C:\DOCUMENTOS\MisWeb\inicio3\cancioner\encadiz.mid --> ftp.elgratissitio.com /cancioner encadiz.mid
101.04.08 23:10 B C:\DOCUMENTOS\MisWeb\inicio3\cancioner\enelbalc.mid --> ftp.elgratissitio.com /cancioner enelbalc.mid
101.04.08 23:10 B C:\DOCUMENTOS\MisWeb\inicio3\cancioner\enelbalcon.htm --> ftp.elgratissitio.com /cancioner enelbalcon.htm
101.04.08 23:10 B C:\DOCUMENTOS\MisWeb\inicio3\cancioner\enelsalo.mid --> ftp.elgratissitio.com /cancioner enelsalo.mid
101.04.08 23:10 B C:\DOCUMENTOS\MisWeb\inicio3\cancioner\enelsalon.htm --> ftp.elgratissitio.com /cancioner enelsalon.htm
101.04.08 23:10 B C:\DOCUMENTOS\MisWeb\inicio3\cancioner\estannoche.htm --> ftp.elgratissitio.com /cancioner estannoche.htm
101.04.08 23:10 B C:\DOCUMENTOS\MisWeb\inicio3\cancioner\estanoch.mid --> ftp.elgratissitio.com /cancioner estanoch.mid
101.04.08 23:10 B C:\DOCUMENTOS\MisWeb\inicio3\cancioner\frere.htm --> ftp.elgratissitio.com /cancioner frere.htm
101.04.08 23:11 B C:\DOCUMENTOS\MisWeb\inicio3\cancioner\frere.mid --> ftp.elgratissitio.com /cancioner frere.mid
101.04.08 23:11 B C:\DOCUMENTOS\MisWeb\inicio3\cancioner\grillito.mid --> ftp.elgratissitio.com /cancioner grillito.mid
101.04.08 23:11 B C:\DOCUMENTOS\MisWeb\inicio3\cancioner\himalegr.mid --> ftp.elgratissitio.com /cancioner himalegr.mid
101.04.08 23:11 B C:\DOCUMENTOS\MisWeb\inicio3\cancioner\himnopaz.htm --> ftp.elgratissitio.com /cancioner himnopaz.htm
101.04.08 23:11 B C:\DOCUMENTOS\MisWeb\inicio3\cancioner\himoaleg.htm --> ftp.elgratissitio.com /cancioner himoaleg.htm
101.04.08 23:11 B C:\DOCUMENTOS\MisWeb\inicio3\cancioner\index.htm --> ftp.elgratissitio.com /cancioner index.htm
101.04.08 23:11 B C:\DOCUMENTOS\MisWeb\inicio3\cancioner\jardiner.mid --> ftp.elgratissitio.com /cancioner jardiner.mid
101.04.08 23:12 B C:\DOCUMENTOS\MisWeb\inicio3\cancioner\jardinerita.htm --> ftp.elgratissitio.com /cancioner jardinerita.htm
101.04.08 23:12 B C:\DOCUMENTOS\MisWeb\inicio3\cancioner\lacarbon.mid --> ftp.elgratissitio.com /cancioner lacarbon.mid
101.04.08 23:12 B C:\DOCUMENTOS\MisWeb\inicio3\cancioner\lacarbonerita.htm --> ftp.elgratissitio.com /cancioner lacarbonerita.htm
101.04.08 23:12 B C:\DOCUMENTOS\MisWeb\inicio3\cancioner\lamedia.htm --> ftp.elgratissitio.com /cancioner lamedia.htm
101.04.08 23:12 B C:\DOCUMENTOS\MisWeb\inicio3\cancioner\lapastor.mid --> ftp.elgratissitio.com /cancioner lapastor.mid
101.04.08 23:12 B C:\DOCUMENTOS\MisWeb\inicio3\cancioner\lapastora.htm --> ftp.elgratissitio.com /cancioner lapastora.htm
101.04.08 23:13 B C:\DOCUMENTOS\MisWeb\inicio3\cancioner\lapastora2.htm --> ftp.elgratissitio.com /cancioner lapastora2.htm
101.04.08 23:13 B C:\DOCUMENTOS\MisWeb\inicio3\cancioner\larana.htm --> ftp.elgratissitio.com /cancioner larana.htm
101.04.08 23:13 B C:\DOCUMENTOS\MisWeb\inicio3\cancioner\larana.mid --> ftp.elgratissitio.com /cancioner larana.mid
101.04.08 23:13 B C:\DOCUMENTOS\MisWeb\inicio3\cancioner\lareina.htm --> ftp.elgratissitio.com /cancioner lareina.htm
101.04.08 23:13 B C:\DOCUMENTOS\MisWeb\inicio3\cancioner\lareina.mid --> ftp.elgratissitio.com /cancioner lareina.mid
101.04.08 23:13 B C:\DOCUMENTOS\MisWeb\inicio3\cancioner\lasllave.mid --> ftp.elgratissitio.com /cancioner lasllave.mid
101.04.08 23:13 B C:\DOCUMENTOS\MisWeb\inicio3\cancioner\latarara.htm --> ftp.elgratissitio.com /cancioner latarara.htm
101.04.08 23:13 B C:\DOCUMENTOS\MisWeb\inicio3\cancioner\latarara.mid --> ftp.elgratissitio.com /cancioner latarara.mid
101.04.08 23:13 B C:\DOCUMENTOS\MisWeb\inicio3\cancioner\laviudit.mid --> ftp.elgratissitio.com /cancioner laviudit.mid
101.04.08 23:13 B C:\DOCUMENTOS\MisWeb\inicio3\cancioner\laviudita.htm --> ftp.elgratissitio.com /cancioner laviudita.htm
101.04.08 23:14 B C:\DOCUMENTOS\MisWeb\inicio3\cancioner\llevan.htm --> ftp.elgratissitio.com /cancioner llevan.htm
101.04.08 23:14 B C:\DOCUMENTOS\MisWeb\inicio3\cancioner\llevan.mid --> ftp.elgratissitio.com /cancioner llevan.mid
101.04.08 23:14 B C:\DOCUMENTOS\MisWeb\inicio3\cancioner\loscuatro.htm --> ftp.elgratissitio.com /cancioner loscuatro.htm
101.04.08 23:14 B C:\DOCUMENTOS\MisWeb\inicio3\cancioner\losfanto.mid --> ftp.elgratissitio.com /cancioner losfanto.mid
101.04.08 23:14 B C:\DOCUMENTOS\MisWeb\inicio3\cancioner\losfantoches.htm --> ftp.elgratissitio.com /cancioner losfantoches.htm
101.04.08 23:14 B C:\DOCUMENTOS\MisWeb\inicio3\cancioner\mambru.htm --> ftp.elgratissitio.com /cancioner mambru.htm
101.04.08 23:14 B C:\DOCUMENTOS\MisWeb\inicio3\cancioner\mambru.mid --> ftp.elgratissitio.com /cancioner mambru.mid
101.04.08 23:14 B C:\DOCUMENTOS\MisWeb\inicio3\cancioner\mananas.mid --> ftp.elgratissitio.com /cancioner mananas.mid
101.04.08 23:14 B C:\DOCUMENTOS\MisWeb\inicio3\cancioner\mananitas.htm --> ftp.elgratissitio.com /cancioner mananitas.htm
101.04.08 23:14 B C:\DOCUMENTOS\MisWeb\inicio3\cancioner\medianar.mid --> ftp.elgratissitio.com /cancioner medianar.mid
101.04.08 23:15 B C:\DOCUMENTOS\MisWeb\inicio3\cancioner\morito.htm --> ftp.elgratissitio.com /cancioner morito.htm
101.04.08 23:15 B C:\DOCUMENTOS\MisWeb\inicio3\cancioner\morito.mid --> ftp.elgratissitio.com /cancioner morito.mid
101.04.08 23:15 B C:\DOCUMENTOS\MisWeb\inicio3\cancioner\olinos.mid --> ftp.elgratissitio.com /cancioner olinos.mid
101.04.08 23:15 B C:\DOCUMENTOS\MisWeb\inicio3\cancioner\Partitura4MULEROS.htm --> ftp.elgratissitio.com /cancioner Partitura4MULEROS.htm
101.04.08 23:15 B C:\DOCUMENTOS\MisWeb\inicio3\cancioner\PartituraAAtocha.htm --> ftp.elgratissitio.com /cancioner PartituraAAtocha.htm
101.04.08 23:15 B C:\DOCUMENTOS\MisWeb\inicio3\cancioner\PartituraACOGERTREBOLE.htm --> ftp.elgratissitio.com /cancioner PartituraACOGERTREBOLE.htm
101.04.08 23:15 B C:\DOCUMENTOS\MisWeb\inicio3\cancioner\PartituraAlfonsoXII.htm --> ftp.elgratissitio.com /cancioner PartituraAlfonsoXII.htm
101.04.08 23:15 B C:\DOCUMENTOS\MisWeb\inicio3\cancioner\PartituraAlPasar.htm --> ftp.elgratissitio.com /cancioner PartituraAlPasar.htm
101.04.08 23:16 B C:\DOCUMENTOS\MisWeb\inicio3\cancioner\PartituraAmboAto.htm --> ftp.elgratissitio.com /cancioner PartituraAmboAto.htm
101.04.08 23:16 B C:\DOCUMENTOS\MisWeb\inicio3\cancioner\PartituraAmiBurro.htm --> ftp.elgratissitio.com /cancioner PartituraAmiBurro.htm
101.04.08 23:16 B C:\DOCUMENTOS\MisWeb\inicio3\cancioner\PartituraAPedroComoEraCalvo.htm --> ftp.elgratissitio.com /cancioner PartituraAPedroComoEraCalvo.htm
101.04.08 23:16 B C:\DOCUMENTOS\MisWeb\inicio3\cancioner\PartituraArroyoClaro.htm --> ftp.elgratissitio.com /cancioner PartituraArroyoClaro.htm
101.04.08 23:16 B C:\DOCUMENTOS\MisWeb\inicio3\cancioner\PartituraAserrin.htm --> ftp.elgratissitio.com /cancioner PartituraAserrin.htm
101.04.08 23:16 B C:\DOCUMENTOS\MisWeb\inicio3\cancioner\PartituraBartolo.htm --> ftp.elgratissitio.com /cancioner PartituraBartolo.htm
101.04.08 23:16 B C:\DOCUMENTOS\MisWeb\inicio3\cancioner\PartituraCampitoDelMoro.htm --> ftp.elgratissitio.com /cancioner PartituraCampitoDelMoro.htm
101.04.08 23:16 B C:\DOCUMENTOS\MisWeb\inicio3\cancioner\PartituracCARBONERITASALAMANCA.htm --> ftp.elgratissitio.com /cancioner PartituracCARBONERITASALAMANCA.htm
101.04.08 23:16 B C:\DOCUMENTOS\MisWeb\inicio3\cancioner\PartituraDebajoUnBoton.htm --> ftp.elgratissitio.com /cancioner PartituraDebajoUnBoton.htm
101.04.08 23:17 B C:\DOCUMENTOS\MisWeb\inicio3\cancioner\PartituraDeCadizAlPuerto.htm --> ftp.elgratissitio.com /cancioner PartituraDeCadizAlPuerto.htm
101.04.08 23:17 B C:\DOCUMENTOS\MisWeb\inicio3\cancioner\PartituraDeColores.htm --> ftp.elgratissitio.com /cancioner PartituraDeColores.htm
101.04.08 23:17 B C:\DOCUMENTOS\MisWeb\inicio3\cancioner\PartituraElPatio.htm --> ftp.elgratissitio.com /cancioner PartituraElPatio.htm
101.04.08 23:17 B C:\DOCUMENTOS\MisWeb\inicio3\cancioner\PartituraElSereno.htm --> ftp.elgratissitio.com /cancioner PartituraElSereno.htm
101.04.08 23:17 B C:\DOCUMENTOS\MisWeb\inicio3\cancioner\PartituraEnCádiz.htm --> ftp.elgratissitio.com /cancioner PartituraEnCádiz.htm
101.04.08 23:17 B C:\DOCUMENTOS\MisWeb\inicio3\cancioner\PartituraEnElBalcon.htm --> ftp.elgratissitio.com /cancioner PartituraEnElBalcon.htm
101.04.08 23:17 B C:\DOCUMENTOS\MisWeb\inicio3\cancioner\PartituraEnElSalon.htm --> ftp.elgratissitio.com /cancioner PartituraEnElSalon.htm
101.04.08 23:17 B C:\DOCUMENTOS\MisWeb\inicio3\cancioner\PartituraESTANOCHE.htm --> ftp.elgratissitio.com /cancioner PartituraESTANOCHE.htm
101.04.08 23:17 B C:\DOCUMENTOS\MisWeb\inicio3\cancioner\PartituraFANTOCHES.htm --> ftp.elgratissitio.com /cancioner PartituraFANTOCHES.htm
101.04.08 23:18 B C:\DOCUMENTOS\MisWeb\inicio3\cancioner\PartituraFRERE.htm --> ftp.elgratissitio.com /cancioner PartituraFRERE.htm
101.04.08 23:18 B C:\DOCUMENTOS\MisWeb\inicio3\cancioner\PartituraGrillitoCri.htm --> ftp.elgratissitio.com /cancioner PartituraGrillitoCri.htm
101.04.08 23:18 B C:\DOCUMENTOS\MisWeb\inicio3\cancioner\PartituraHIMNOALEGRIA.htm --> ftp.elgratissitio.com /cancioner PartituraHIMNOALEGRIA.htm
101.04.08 23:18 B C:\DOCUMENTOS\MisWeb\inicio3\cancioner\PartituraHIMNOPAZ.htm --> ftp.elgratissitio.com /cancioner PartituraHIMNOPAZ.htm
101.04.08 23:18 B C:\DOCUMENTOS\MisWeb\inicio3\cancioner\PartituraJARDINERITA.htm --> ftp.elgratissitio.com /cancioner PartituraJARDINERITA.htm
101.04.08 23:18 B C:\DOCUMENTOS\MisWeb\inicio3\cancioner\PartituraLACARBONERITA.htm --> ftp.elgratissitio.com /cancioner PartituraLACARBONERITA.htm
101.04.08 23:18 B C:\DOCUMENTOS\MisWeb\inicio3\cancioner\PartituraLAPASTORA.htm --> ftp.elgratissitio.com /cancioner PartituraLAPASTORA.htm
101.04.08 23:18 B C:\DOCUMENTOS\MisWeb\inicio3\cancioner\PartituraLARANA.htm --> ftp.elgratissitio.com /cancioner PartituraLARANA.htm
101.04.08 23:18 B C:\DOCUMENTOS\MisWeb\inicio3\cancioner\PartituraLAREINA.htm --> ftp.elgratissitio.com /cancioner PartituraLAREINA.htm
101.04.08 23:18 B C:\DOCUMENTOS\MisWeb\inicio3\cancioner\PartituraLasLLaves.htm --> ftp.elgratissitio.com /cancioner PartituraLasLLaves.htm
101.04.08 23:19 B C:\DOCUMENTOS\MisWeb\inicio3\cancioner\PartituraLAVIUDITA.htm --> ftp.elgratissitio.com /cancioner PartituraLAVIUDITA.htm
101.04.08 23:19 B C:\DOCUMENTOS\MisWeb\inicio3\cancioner\PartituraLLEVANLASSEVILLANAS.htm --> ftp.elgratissitio.com /cancioner PartituraLLEVANLASSEVILLANAS.htm
101.04.08 23:19 B C:\DOCUMENTOS\MisWeb\inicio3\cancioner\PartituraMAMBRU.htm --> ftp.elgratissitio.com /cancioner PartituraMAMBRU.htm
101.04.08 23:19 B C:\DOCUMENTOS\MisWeb\inicio3\cancioner\PartituraMANANITAS.htm --> ftp.elgratissitio.com /cancioner PartituraMANANITAS.htm
101.04.08 23:19 B C:\DOCUMENTOS\MisWeb\inicio3\cancioner\PartituraMEDIANARANJA.htm --> ftp.elgratissitio.com /cancioner PartituraMEDIANARANJA.htm
101.04.08 23:19 B C:\DOCUMENTOS\MisWeb\inicio3\cancioner\PartituraMORITO.htm --> ftp.elgratissitio.com /cancioner PartituraMORITO.htm
101.04.08 23:19 B C:\DOCUMENTOS\MisWeb\inicio3\cancioner\PartituraOlinos.htm --> ftp.elgratissitio.com /cancioner PartituraOlinos.htm
101.04.08 23:19 B C:\DOCUMENTOS\MisWeb\inicio3\cancioner\PartituraPASTORA.htm --> ftp.elgratissitio.com /cancioner PartituraPASTORA.htm
101.04.08 23:19 B C:\DOCUMENTOS\MisWeb\inicio3\cancioner\PartituraPIMPON.htm --> ftp.elgratissitio.com /cancioner PartituraPIMPON.htm
101.04.08 23:19 B C:\DOCUMENTOS\MisWeb\inicio3\cancioner\PartituraPORLACALLE.htm --> ftp.elgratissitio.com /cancioner PartituraPORLACALLE.htm
101.04.08 23:19 B C:\DOCUMENTOS\MisWeb\inicio3\cancioner\PartituraQUELLUEVA.htm --> ftp.elgratissitio.com /cancioner PartituraQUELLUEVA.htm
101.04.08 23:20 B C:\DOCUMENTOS\MisWeb\inicio3\cancioner\PartituraQUISIERA.htm --> ftp.elgratissitio.com /cancioner PartituraQUISIERA.htm
101.04.08 23:20 B C:\DOCUMENTOS\MisWeb\inicio3\cancioner\PartituraRATONQUE.htm --> ftp.elgratissitio.com /cancioner PartituraRATONQUE.htm
101.04.08 23:20 B C:\DOCUMENTOS\MisWeb\inicio3\cancioner\PartituraREINADELOSMARES.htm --> ftp.elgratissitio.com /cancioner PartituraREINADELOSMARES.htm
101.04.08 23:20 B C:\DOCUMENTOS\MisWeb\inicio3\cancioner\PartituraSERENIN1.htm --> ftp.elgratissitio.com /cancioner PartituraSERENIN1.htm
101.04.08 23:20 B C:\DOCUMENTOS\MisWeb\inicio3\cancioner\PartituraSERENIN2.htm --> ftp.elgratissitio.com /cancioner PartituraSERENIN2.htm
101.04.08 23:20 B C:\DOCUMENTOS\MisWeb\inicio3\cancioner\PartituraTANTOVESTIDO.htm --> ftp.elgratissitio.com /cancioner PartituraTANTOVESTIDO.htm
101.04.08 23:20 B C:\DOCUMENTOS\MisWeb\inicio3\cancioner\PartituraTarara.htm --> ftp.elgratissitio.com /cancioner PartituraTarara.htm
101.04.08 23:20 B C:\DOCUMENTOS\MisWeb\inicio3\cancioner\PartituraTENGO.htm --> ftp.elgratissitio.com /cancioner PartituraTENGO.htm
101.04.08 23:20 B C:\DOCUMENTOS\MisWeb\inicio3\cancioner\PartituraTRESHOJITAS.htm --> ftp.elgratissitio.com /cancioner PartituraTRESHOJITAS.htm
101.04.08 23:20 B C:\DOCUMENTOS\MisWeb\inicio3\cancioner\PartiturauNATARDE.htm --> ftp.elgratissitio.com /cancioner PartiturauNATARDE.htm
101.04.08 23:20 B C:\DOCUMENTOS\MisWeb\inicio3\cancioner\PartituraVITO.htm --> ftp.elgratissitio.com /cancioner PartituraVITO.htm
101.04.08 23:21 B C:\DOCUMENTOS\MisWeb\inicio3\cancioner\PartituraYaMurioBurro.htm --> ftp.elgratissitio.com /cancioner PartituraYaMurioBurro.htm
101.04.08 23:21 B C:\DOCUMENTOS\MisWeb\inicio3\cancioner\paz2.mid --> ftp.elgratissitio.com /cancioner paz2.mid
101.04.08 23:21 B C:\DOCUMENTOS\MisWeb\inicio3\cancioner\pimpon.htm --> ftp.elgratissitio.com /cancioner pimpon.htm
101.04.08 23:21 B C:\DOCUMENTOS\MisWeb\inicio3\cancioner\pimpon.mid --> ftp.elgratissitio.com /cancioner pimpon.mid
101.04.08 23:21 B C:\DOCUMENTOS\MisWeb\inicio3\cancioner\porlacal.mid --> ftp.elgratissitio.com /cancioner porlacal.mid
101.04.08 23:21 B C:\DOCUMENTOS\MisWeb\inicio3\cancioner\porlacalle.htm --> ftp.elgratissitio.com /cancioner porlacalle.htm
101.04.08 23:21 B C:\DOCUMENTOS\MisWeb\inicio3\cancioner\quelluev.mid --> ftp.elgratissitio.com /cancioner quelluev.mid
101.04.08 23:21 B C:\DOCUMENTOS\MisWeb\inicio3\cancioner\quellueva.htm --> ftp.elgratissitio.com /cancioner quellueva.htm
101.04.08 23:21 B C:\DOCUMENTOS\MisWeb\inicio3\cancioner\quisiera.htm --> ftp.elgratissitio.com /cancioner quisiera.htm
101.04.08 23:21 B C:\DOCUMENTOS\MisWeb\inicio3\cancioner\quisiera.mid --> ftp.elgratissitio.com /cancioner quisiera.mid
101.04.08 23:22 B C:\DOCUMENTOS\MisWeb\inicio3\cancioner\ratonque.htm --> ftp.elgratissitio.com /cancioner ratonque.htm
101.04.08 23:22 B C:\DOCUMENTOS\MisWeb\inicio3\cancioner\ratonque.mid --> ftp.elgratissitio.com /cancioner ratonque.mid
101.04.08 23:22 B C:\DOCUMENTOS\MisWeb\inicio3\cancioner\sanserenin.htm --> ftp.elgratissitio.com /cancioner sanserenin.htm
101.04.08 23:22 B C:\DOCUMENTOS\MisWeb\inicio3\cancioner\sanserenin2.htm --> ftp.elgratissitio.com /cancioner sanserenin2.htm
101.04.08 23:22 B C:\DOCUMENTOS\MisWeb\inicio3\cancioner\saseren2.mid --> ftp.elgratissitio.com /cancioner saseren2.mid
101.04.08 23:22 B C:\DOCUMENTOS\MisWeb\inicio3\cancioner\serenin1.mid --> ftp.elgratissitio.com /cancioner serenin1.mid
101.04.08 23:22 B C:\DOCUMENTOS\MisWeb\inicio3\cancioner\sereno.mid --> ftp.elgratissitio.com /cancioner sereno.mid
101.04.08 23:22 B C:\DOCUMENTOS\MisWeb\inicio3\cancioner\soylarei.mid --> ftp.elgratissitio.com /cancioner soylarei.mid
101.04.08 23:23 B C:\DOCUMENTOS\MisWeb\inicio3\cancioner\soylareina.htm --> ftp.elgratissitio.com /cancioner soylareina.htm
101.04.08 23:23 B C:\DOCUMENTOS\MisWeb\inicio3\cancioner\tanto.htm --> ftp.elgratissitio.com /cancioner tanto.htm
101.04.08 23:23 B C:\DOCUMENTOS\MisWeb\inicio3\cancioner\tanto.mid --> ftp.elgratissitio.com /cancioner tanto.mid
101.04.08 23:23 B C:\DOCUMENTOS\MisWeb\inicio3\cancioner\tengo.htm --> ftp.elgratissitio.com /cancioner tengo.htm
101.04.08 23:23 B C:\DOCUMENTOS\MisWeb\inicio3\cancioner\tengo.mid --> ftp.elgratissitio.com /cancioner tengo.mid
101.04.08 23:23 B C:\DOCUMENTOS\MisWeb\inicio3\cancioner\treshoji.mid --> ftp.elgratissitio.com /cancioner treshoji.mid
101.04.08 23:23 B C:\DOCUMENTOS\MisWeb\inicio3\cancioner\treshojitas.htm --> ftp.elgratissitio.com /cancioner treshojitas.htm
101.04.08 23:23 B C:\DOCUMENTOS\MisWeb\inicio3\cancioner\unatarde.htm --> ftp.elgratissitio.com /cancioner unatarde.htm
101.04.08 23:23 B C:\DOCUMENTOS\MisWeb\inicio3\cancioner\unatarde.mid --> ftp.elgratissitio.com /cancioner unatarde.mid
101.04.08 23:24 B C:\DOCUMENTOS\MisWeb\inicio3\cancioner\WS_FTP.LOG --> ftp.elgratissitio.com /cancioner WS_FTP.LOG
101.04.08 23:24 B C:\DOCUMENTOS\MisWeb\inicio3\cancioner\yasemurio.htm --> ftp.elgratissitio.com /cancioner yasemurio.htm
