101.03.29 19:26 B C:\DOCUMENTOS\MisWeb\Villancicos\ingles_archivos\filelist.xml --> ftp.teleline.es /ingles_archivos/ filelist.xml
101.03.29 19:27 B C:\DOCUMENTOS\MisWeb\Villancicos\ingles_archivos\image001.gif --> ftp.teleline.es /ingles_archivos/ image001.gif
101.03.29 19:27 B C:\DOCUMENTOS\MisWeb\Villancicos\ingles_archivos\image002.gif --> ftp.teleline.es /ingles_archivos/ image002.gif
101.03.29 19:27 B C:\DOCUMENTOS\MisWeb\Villancicos\ingles_archivos\image003.gif --> ftp.teleline.es /ingles_archivos/ image003.gif
101.03.29 19:27 B C:\DOCUMENTOS\MisWeb\Villancicos\ingles_archivos\image004.gif --> ftp.teleline.es /ingles_archivos/ image004.gif
101.03.29 19:27 B C:\DOCUMENTOS\MisWeb\Villancicos\ingles_archivos\image005.gif --> ftp.teleline.es /ingles_archivos/ image005.gif
101.04.07 15:49 B C:\DOCUMENTOS\MisWeb\inicio3\Villancicos\ingles_archivos\filelist.xml --> ftp.espacio.ya.com /Villancicos/ingles_archivos filelist.xml
101.04.07 15:49 B C:\DOCUMENTOS\MisWeb\inicio3\Villancicos\ingles_archivos\image001.gif --> ftp.espacio.ya.com /Villancicos/ingles_archivos image001.gif
101.04.07 15:49 B C:\DOCUMENTOS\MisWeb\inicio3\Villancicos\ingles_archivos\image002.gif --> ftp.espacio.ya.com /Villancicos/ingles_archivos image002.gif
101.04.07 15:50 B C:\DOCUMENTOS\MisWeb\inicio3\Villancicos\ingles_archivos\image003.gif --> ftp.espacio.ya.com /Villancicos/ingles_archivos image003.gif
101.04.07 15:50 B C:\DOCUMENTOS\MisWeb\inicio3\Villancicos\ingles_archivos\image004.gif --> ftp.espacio.ya.com /Villancicos/ingles_archivos image004.gif
101.04.07 15:50 B C:\DOCUMENTOS\MisWeb\inicio3\Villancicos\ingles_archivos\image005.gif --> ftp.espacio.ya.com /Villancicos/ingles_archivos image005.gif
101.04.07 15:50 B C:\DOCUMENTOS\MisWeb\inicio3\Villancicos\ingles_archivos\WS_FTP.LOG --> ftp.espacio.ya.com /Villancicos/ingles_archivos WS_FTP.LOG
101.04.10 01:01 B C:\DOCUMENTOS\MisWeb\inicio3\Villancicos\ingles_archivos\filelist.xml --> ftp.elgratissitio.com /Villancicos/ingles_archivos filelist.xml
101.04.10 01:01 B C:\DOCUMENTOS\MisWeb\inicio3\Villancicos\ingles_archivos\image001.gif --> ftp.elgratissitio.com /Villancicos/ingles_archivos image001.gif
101.04.10 01:01 B C:\DOCUMENTOS\MisWeb\inicio3\Villancicos\ingles_archivos\image002.gif --> ftp.elgratissitio.com /Villancicos/ingles_archivos image002.gif
101.04.10 01:01 B C:\DOCUMENTOS\MisWeb\inicio3\Villancicos\ingles_archivos\image003.gif --> ftp.elgratissitio.com /Villancicos/ingles_archivos image003.gif
101.04.10 01:02 B C:\DOCUMENTOS\MisWeb\inicio3\Villancicos\ingles_archivos\image004.gif --> ftp.elgratissitio.com /Villancicos/ingles_archivos image004.gif
101.04.10 01:02 B C:\DOCUMENTOS\MisWeb\inicio3\Villancicos\ingles_archivos\image005.gif --> ftp.elgratissitio.com /Villancicos/ingles_archivos image005.gif
101.04.10 01:02 B C:\DOCUMENTOS\MisWeb\inicio3\Villancicos\ingles_archivos\WS_FTP.LOG --> ftp.elgratissitio.com /Villancicos/ingles_archivos WS_FTP.LOG
