101.03.29 19:31 B C:\DOCUMENTOS\MisWeb\Villancicos\Página Web personal_archivos\filelist.xml --> ftp.teleline.es /Página Web personal_archivos/ filelist.xml
101.03.29 19:31 B C:\DOCUMENTOS\MisWeb\Villancicos\Página Web personal_archivos\image001.gif --> ftp.teleline.es /Página Web personal_archivos/ image001.gif
101.03.29 19:31 B C:\DOCUMENTOS\MisWeb\Villancicos\Página Web personal_archivos\image002.gif --> ftp.teleline.es /Página Web personal_archivos/ image002.gif
101.03.29 19:31 B C:\DOCUMENTOS\MisWeb\Villancicos\Página Web personal_archivos\image003.gif --> ftp.teleline.es /Página Web personal_archivos/ image003.gif
101.03.29 19:31 B C:\DOCUMENTOS\MisWeb\Villancicos\Página Web personal_archivos\image004.jpg --> ftp.teleline.es /Página Web personal_archivos/ image004.jpg
101.03.29 19:32 B C:\DOCUMENTOS\MisWeb\Villancicos\Página Web personal_archivos\image005.gif --> ftp.teleline.es /Página Web personal_archivos/ image005.gif
101.03.29 19:35 B C:\DOCUMENTOS\MisWeb\Villancicos\Página Web personal_archivos\image006.jpg --> ftp.teleline.es /Página Web personal_archivos/ image006.jpg
101.03.29 19:35 B C:\DOCUMENTOS\MisWeb\Villancicos\Página Web personal_archivos\image007.jpg --> ftp.teleline.es /Página Web personal_archivos/ image007.jpg
101.04.07 15:55 B C:\DOCUMENTOS\MisWeb\inicio3\Villancicos\Página Web personal_archivos\filelist.xml --> ftp.espacio.ya.com /Villancicos/Página Web personal_archivos filelist.xml
101.04.07 15:55 B C:\DOCUMENTOS\MisWeb\inicio3\Villancicos\Página Web personal_archivos\image001.gif --> ftp.espacio.ya.com /Villancicos/Página Web personal_archivos image001.gif
101.04.07 15:55 B C:\DOCUMENTOS\MisWeb\inicio3\Villancicos\Página Web personal_archivos\image002.gif --> ftp.espacio.ya.com /Villancicos/Página Web personal_archivos image002.gif
101.04.07 15:55 B C:\DOCUMENTOS\MisWeb\inicio3\Villancicos\Página Web personal_archivos\image003.gif --> ftp.espacio.ya.com /Villancicos/Página Web personal_archivos image003.gif
101.04.07 15:55 B C:\DOCUMENTOS\MisWeb\inicio3\Villancicos\Página Web personal_archivos\image004.jpg --> ftp.espacio.ya.com /Villancicos/Página Web personal_archivos image004.jpg
101.04.07 15:55 B C:\DOCUMENTOS\MisWeb\inicio3\Villancicos\Página Web personal_archivos\image005.gif --> ftp.espacio.ya.com /Villancicos/Página Web personal_archivos image005.gif
101.04.07 15:55 B C:\DOCUMENTOS\MisWeb\inicio3\Villancicos\Página Web personal_archivos\image006.jpg --> ftp.espacio.ya.com /Villancicos/Página Web personal_archivos image006.jpg
101.04.07 15:55 B C:\DOCUMENTOS\MisWeb\inicio3\Villancicos\Página Web personal_archivos\image007.jpg --> ftp.espacio.ya.com /Villancicos/Página Web personal_archivos image007.jpg
101.04.07 15:55 B C:\DOCUMENTOS\MisWeb\inicio3\Villancicos\Página Web personal_archivos\WS_FTP.LOG --> ftp.espacio.ya.com /Villancicos/Página Web personal_archivos WS_FTP.LOG
101.04.10 01:06 B C:\DOCUMENTOS\MisWeb\inicio3\Villancicos\Página Web personal_archivos\filelist.xml --> ftp.elgratissitio.com /Villancicos/Página Web personal_archivos filelist.xml
101.04.10 01:06 B C:\DOCUMENTOS\MisWeb\inicio3\Villancicos\Página Web personal_archivos\image001.gif --> ftp.elgratissitio.com /Villancicos/Página Web personal_archivos image001.gif
101.04.10 01:06 B C:\DOCUMENTOS\MisWeb\inicio3\Villancicos\Página Web personal_archivos\image002.gif --> ftp.elgratissitio.com /Villancicos/Página Web personal_archivos image002.gif
101.04.10 01:06 B C:\DOCUMENTOS\MisWeb\inicio3\Villancicos\Página Web personal_archivos\image003.gif --> ftp.elgratissitio.com /Villancicos/Página Web personal_archivos image003.gif
101.04.10 01:06 B C:\DOCUMENTOS\MisWeb\inicio3\Villancicos\Página Web personal_archivos\image004.jpg --> ftp.elgratissitio.com /Villancicos/Página Web personal_archivos image004.jpg
101.04.10 01:06 B C:\DOCUMENTOS\MisWeb\inicio3\Villancicos\Página Web personal_archivos\image005.gif --> ftp.elgratissitio.com /Villancicos/Página Web personal_archivos image005.gif
101.04.10 01:06 B C:\DOCUMENTOS\MisWeb\inicio3\Villancicos\Página Web personal_archivos\image006.jpg --> ftp.elgratissitio.com /Villancicos/Página Web personal_archivos image006.jpg
101.04.10 01:07 B C:\DOCUMENTOS\MisWeb\inicio3\Villancicos\Página Web personal_archivos\image007.jpg --> ftp.elgratissitio.com /Villancicos/Página Web personal_archivos image007.jpg
101.04.10 01:07 B C:\DOCUMENTOS\MisWeb\inicio3\Villancicos\Página Web personal_archivos\WS_FTP.LOG --> ftp.elgratissitio.com /Villancicos/Página Web personal_archivos WS_FTP.LOG
