101.04.06 01:44 B C:\DOCUMENTOS\MisWeb\inicio3\cancioner\porlacalle_archivos\filelist.xml --> ftp.espacio.ya.com /cancioner/porlacalle_archivos filelist.xml
101.04.06 01:44 B C:\DOCUMENTOS\MisWeb\inicio3\cancioner\porlacalle_archivos\image001.jpg --> ftp.espacio.ya.com /cancioner/porlacalle_archivos image001.jpg
101.04.06 01:44 B C:\DOCUMENTOS\MisWeb\inicio3\cancioner\porlacalle_archivos\image002.jpg --> ftp.espacio.ya.com /cancioner/porlacalle_archivos image002.jpg
101.04.06 01:44 B C:\DOCUMENTOS\MisWeb\inicio3\cancioner\porlacalle_archivos\image003.gif --> ftp.espacio.ya.com /cancioner/porlacalle_archivos image003.gif
101.04.06 01:44 B C:\DOCUMENTOS\MisWeb\inicio3\cancioner\porlacalle_archivos\image004.gif --> ftp.espacio.ya.com /cancioner/porlacalle_archivos image004.gif
101.04.06 01:44 B C:\DOCUMENTOS\MisWeb\inicio3\cancioner\porlacalle_archivos\image005.gif --> ftp.espacio.ya.com /cancioner/porlacalle_archivos image005.gif
101.04.06 01:44 B C:\DOCUMENTOS\MisWeb\inicio3\cancioner\porlacalle_archivos\image006.gif --> ftp.espacio.ya.com /cancioner/porlacalle_archivos image006.gif
101.04.06 22:57 B C:\DOCUMENTOS\MisWeb\inicio3\cancioner\porlacalle_archivos\filelist.xml --> ftp.espacio.ya.com /cancioner/porlacalle_archivos filelist.xml
101.04.06 22:57 B C:\DOCUMENTOS\MisWeb\inicio3\cancioner\porlacalle_archivos\image001.jpg --> ftp.espacio.ya.com /cancioner/porlacalle_archivos image001.jpg
101.04.06 22:57 B C:\DOCUMENTOS\MisWeb\inicio3\cancioner\porlacalle_archivos\image002.jpg --> ftp.espacio.ya.com /cancioner/porlacalle_archivos image002.jpg
101.04.06 22:57 B C:\DOCUMENTOS\MisWeb\inicio3\cancioner\porlacalle_archivos\image003.gif --> ftp.espacio.ya.com /cancioner/porlacalle_archivos image003.gif
101.04.06 22:57 B C:\DOCUMENTOS\MisWeb\inicio3\cancioner\porlacalle_archivos\image004.gif --> ftp.espacio.ya.com /cancioner/porlacalle_archivos image004.gif
101.04.06 22:57 B C:\DOCUMENTOS\MisWeb\inicio3\cancioner\porlacalle_archivos\image005.gif --> ftp.espacio.ya.com /cancioner/porlacalle_archivos image005.gif
101.04.06 22:58 B C:\DOCUMENTOS\MisWeb\inicio3\cancioner\porlacalle_archivos\image006.gif --> ftp.espacio.ya.com /cancioner/porlacalle_archivos image006.gif
101.04.06 22:58 B C:\DOCUMENTOS\MisWeb\inicio3\cancioner\porlacalle_archivos\WS_FTP.LOG --> ftp.espacio.ya.com /cancioner/porlacalle_archivos WS_FTP.LOG
101.04.08 22:51 B C:\DOCUMENTOS\MisWeb\inicio3\cancioner\porlacalle_archivos\filelist.xml --> ftp.elgratissitio.com /cancioner/porlacalle_archivos filelist.xml
101.04.08 22:51 B C:\DOCUMENTOS\MisWeb\inicio3\cancioner\porlacalle_archivos\image001.jpg --> ftp.elgratissitio.com /cancioner/porlacalle_archivos image001.jpg
101.04.08 22:52 B C:\DOCUMENTOS\MisWeb\inicio3\cancioner\porlacalle_archivos\image002.jpg --> ftp.elgratissitio.com /cancioner/porlacalle_archivos image002.jpg
101.04.08 22:52 B C:\DOCUMENTOS\MisWeb\inicio3\cancioner\porlacalle_archivos\image003.gif --> ftp.elgratissitio.com /cancioner/porlacalle_archivos image003.gif
101.04.08 22:52 B C:\DOCUMENTOS\MisWeb\inicio3\cancioner\porlacalle_archivos\image004.gif --> ftp.elgratissitio.com /cancioner/porlacalle_archivos image004.gif
101.04.08 22:52 B C:\DOCUMENTOS\MisWeb\inicio3\cancioner\porlacalle_archivos\image005.gif --> ftp.elgratissitio.com /cancioner/porlacalle_archivos image005.gif
101.04.08 22:52 B C:\DOCUMENTOS\MisWeb\inicio3\cancioner\porlacalle_archivos\image006.gif --> ftp.elgratissitio.com /cancioner/porlacalle_archivos image006.gif
101.04.08 22:52 B C:\DOCUMENTOS\MisWeb\inicio3\cancioner\porlacalle_archivos\WS_FTP.LOG --> ftp.elgratissitio.com /cancioner/porlacalle_archivos WS_FTP.LOG
