101.04.07 15:19 B C:\DOCUMENTOS\MisWeb\inicio3\lenguaje\LENGUAJE MUSICAL_archivos\AIRE1.htm --> ftp.espacio.ya.com /lenguaje/LENGUAJE MUSICAL_archivos AIRE1.htm
101.04.07 15:19 B C:\DOCUMENTOS\MisWeb\inicio3\lenguaje\LENGUAJE MUSICAL_archivos\alteraciones1.htm --> ftp.espacio.ya.com /lenguaje/LENGUAJE MUSICAL_archivos alteraciones1.htm
101.04.07 15:19 B C:\DOCUMENTOS\MisWeb\inicio3\lenguaje\LENGUAJE MUSICAL_archivos\Ascendente.mid --> ftp.espacio.ya.com /lenguaje/LENGUAJE MUSICAL_archivos Ascendente.mid
101.04.07 15:19 B C:\DOCUMENTOS\MisWeb\inicio3\lenguaje\LENGUAJE MUSICAL_archivos\Calderon1.htm --> ftp.espacio.ya.com /lenguaje/LENGUAJE MUSICAL_archivos Calderon1.htm
101.04.07 15:19 B C:\DOCUMENTOS\MisWeb\inicio3\lenguaje\LENGUAJE MUSICAL_archivos\compas1.htm --> ftp.espacio.ya.com /lenguaje/LENGUAJE MUSICAL_archivos compas1.htm
101.04.07 15:19 B C:\DOCUMENTOS\MisWeb\inicio3\lenguaje\LENGUAJE MUSICAL_archivos\Descen.mid --> ftp.espacio.ya.com /lenguaje/LENGUAJE MUSICAL_archivos Descen.mid
101.04.07 15:19 B C:\DOCUMENTOS\MisWeb\inicio3\lenguaje\LENGUAJE MUSICAL_archivos\figuras1.htm --> ftp.espacio.ya.com /lenguaje/LENGUAJE MUSICAL_archivos figuras1.htm
101.04.07 15:19 B C:\DOCUMENTOS\MisWeb\inicio3\lenguaje\LENGUAJE MUSICAL_archivos\filelist.xml --> ftp.espacio.ya.com /lenguaje/LENGUAJE MUSICAL_archivos filelist.xml
101.04.07 15:19 B C:\DOCUMENTOS\MisWeb\inicio3\lenguaje\LENGUAJE MUSICAL_archivos\image001.gif --> ftp.espacio.ya.com /lenguaje/LENGUAJE MUSICAL_archivos image001.gif
101.04.07 15:20 B C:\DOCUMENTOS\MisWeb\inicio3\lenguaje\LENGUAJE MUSICAL_archivos\la clave1.htm --> ftp.espacio.ya.com /lenguaje/LENGUAJE MUSICAL_archivos la clave1.htm
101.04.07 15:20 B C:\DOCUMENTOS\MisWeb\inicio3\lenguaje\LENGUAJE MUSICAL_archivos\Ligadura1.htm --> ftp.espacio.ya.com /lenguaje/LENGUAJE MUSICAL_archivos Ligadura1.htm
101.04.07 15:20 B C:\DOCUMENTOS\MisWeb\inicio3\lenguaje\LENGUAJE MUSICAL_archivos\matices1.htm --> ftp.espacio.ya.com /lenguaje/LENGUAJE MUSICAL_archivos matices1.htm
101.04.07 15:20 B C:\DOCUMENTOS\MisWeb\inicio3\lenguaje\LENGUAJE MUSICAL_archivos\notas1.htm --> ftp.espacio.ya.com /lenguaje/LENGUAJE MUSICAL_archivos notas1.htm
101.04.07 15:20 B C:\DOCUMENTOS\MisWeb\inicio3\lenguaje\LENGUAJE MUSICAL_archivos\PENTAGRAMA1.htm --> ftp.espacio.ya.com /lenguaje/LENGUAJE MUSICAL_archivos PENTAGRAMA1.htm
101.04.07 15:20 B C:\DOCUMENTOS\MisWeb\inicio3\lenguaje\LENGUAJE MUSICAL_archivos\PROLONGACIÓN.htm --> ftp.espacio.ya.com /lenguaje/LENGUAJE MUSICAL_archivos PROLONGACIÓN.htm
101.04.07 15:20 B C:\DOCUMENTOS\MisWeb\inicio3\lenguaje\LENGUAJE MUSICAL_archivos\puntillo1.htm --> ftp.espacio.ya.com /lenguaje/LENGUAJE MUSICAL_archivos puntillo1.htm
101.04.07 15:20 B C:\DOCUMENTOS\MisWeb\inicio3\lenguaje\LENGUAJE MUSICAL_archivos\repetición1.htm --> ftp.espacio.ya.com /lenguaje/LENGUAJE MUSICAL_archivos repetición1.htm
101.04.07 15:20 B C:\DOCUMENTOS\MisWeb\inicio3\lenguaje\LENGUAJE MUSICAL_archivos\silencios1.htm --> ftp.espacio.ya.com /lenguaje/LENGUAJE MUSICAL_archivos silencios1.htm
101.04.07 15:20 B C:\DOCUMENTOS\MisWeb\inicio3\lenguaje\LENGUAJE MUSICAL_archivos\~$ clave1.htm --> ftp.espacio.ya.com /lenguaje/LENGUAJE MUSICAL_archivos ~$ clave1.htm
101.04.10 00:20 B C:\DOCUMENTOS\MisWeb\inicio3\lenguaje\LENGUAJE MUSICAL_archivos\AIRE1.htm --> ftp.elgratissitio.com /lenguaje/LENGUAJE MUSICAL_archivos AIRE1.htm
101.04.10 00:20 B C:\DOCUMENTOS\MisWeb\inicio3\lenguaje\LENGUAJE MUSICAL_archivos\alteraciones1.htm --> ftp.elgratissitio.com /lenguaje/LENGUAJE MUSICAL_archivos alteraciones1.htm
101.04.10 00:20 B C:\DOCUMENTOS\MisWeb\inicio3\lenguaje\LENGUAJE MUSICAL_archivos\Ascendente.mid --> ftp.elgratissitio.com /lenguaje/LENGUAJE MUSICAL_archivos Ascendente.mid
101.04.10 00:20 B C:\DOCUMENTOS\MisWeb\inicio3\lenguaje\LENGUAJE MUSICAL_archivos\Calderon1.htm --> ftp.elgratissitio.com /lenguaje/LENGUAJE MUSICAL_archivos Calderon1.htm
101.04.10 00:20 B C:\DOCUMENTOS\MisWeb\inicio3\lenguaje\LENGUAJE MUSICAL_archivos\compas1.htm --> ftp.elgratissitio.com /lenguaje/LENGUAJE MUSICAL_archivos compas1.htm
101.04.10 00:20 B C:\DOCUMENTOS\MisWeb\inicio3\lenguaje\LENGUAJE MUSICAL_archivos\Descen.mid --> ftp.elgratissitio.com /lenguaje/LENGUAJE MUSICAL_archivos Descen.mid
101.04.10 00:20 B C:\DOCUMENTOS\MisWeb\inicio3\lenguaje\LENGUAJE MUSICAL_archivos\figuras1.htm --> ftp.elgratissitio.com /lenguaje/LENGUAJE MUSICAL_archivos figuras1.htm
101.04.10 00:20 B C:\DOCUMENTOS\MisWeb\inicio3\lenguaje\LENGUAJE MUSICAL_archivos\filelist.xml --> ftp.elgratissitio.com /lenguaje/LENGUAJE MUSICAL_archivos filelist.xml
101.04.10 00:20 B C:\DOCUMENTOS\MisWeb\inicio3\lenguaje\LENGUAJE MUSICAL_archivos\image001.gif --> ftp.elgratissitio.com /lenguaje/LENGUAJE MUSICAL_archivos image001.gif
101.04.10 00:20 B C:\DOCUMENTOS\MisWeb\inicio3\lenguaje\LENGUAJE MUSICAL_archivos\la clave1.htm --> ftp.elgratissitio.com /lenguaje/LENGUAJE MUSICAL_archivos la clave1.htm
101.04.10 00:20 B C:\DOCUMENTOS\MisWeb\inicio3\lenguaje\LENGUAJE MUSICAL_archivos\Ligadura1.htm --> ftp.elgratissitio.com /lenguaje/LENGUAJE MUSICAL_archivos Ligadura1.htm
101.04.10 00:21 B C:\DOCUMENTOS\MisWeb\inicio3\lenguaje\LENGUAJE MUSICAL_archivos\matices1.htm --> ftp.elgratissitio.com /lenguaje/LENGUAJE MUSICAL_archivos matices1.htm
101.04.10 00:21 B C:\DOCUMENTOS\MisWeb\inicio3\lenguaje\LENGUAJE MUSICAL_archivos\notas1.htm --> ftp.elgratissitio.com /lenguaje/LENGUAJE MUSICAL_archivos notas1.htm
101.04.10 00:21 B C:\DOCUMENTOS\MisWeb\inicio3\lenguaje\LENGUAJE MUSICAL_archivos\PENTAGRAMA1.htm --> ftp.elgratissitio.com /lenguaje/LENGUAJE MUSICAL_archivos PENTAGRAMA1.htm
101.04.10 00:21 B C:\DOCUMENTOS\MisWeb\inicio3\lenguaje\LENGUAJE MUSICAL_archivos\PROLONGACIÓN.htm --> ftp.elgratissitio.com /lenguaje/LENGUAJE MUSICAL_archivos PROLONGACIÓN.htm
101.04.10 00:21 B C:\DOCUMENTOS\MisWeb\inicio3\lenguaje\LENGUAJE MUSICAL_archivos\puntillo1.htm --> ftp.elgratissitio.com /lenguaje/LENGUAJE MUSICAL_archivos puntillo1.htm
101.04.10 00:21 B C:\DOCUMENTOS\MisWeb\inicio3\lenguaje\LENGUAJE MUSICAL_archivos\repetición1.htm --> ftp.elgratissitio.com /lenguaje/LENGUAJE MUSICAL_archivos repetición1.htm
101.04.10 00:21 B C:\DOCUMENTOS\MisWeb\inicio3\lenguaje\LENGUAJE MUSICAL_archivos\silencios1.htm --> ftp.elgratissitio.com /lenguaje/LENGUAJE MUSICAL_archivos silencios1.htm
101.04.10 00:21 B C:\DOCUMENTOS\MisWeb\inicio3\lenguaje\LENGUAJE MUSICAL_archivos\WS_FTP.LOG --> ftp.elgratissitio.com /lenguaje/LENGUAJE MUSICAL_archivos WS_FTP.LOG
