101.03.10 00:05 B C:\INTERNET\mis_páginas_web\flauta\partituras\4MULEROS.MID --> ftp.teleline.es /paginas/flauta/partituras/ 4MULEROS.MID
101.03.10 00:05 B C:\INTERNET\mis_páginas_web\flauta\partituras\aatocha.mid --> ftp.teleline.es /paginas/flauta/partituras/ aatocha.mid
101.03.10 00:05 B C:\INTERNET\mis_páginas_web\flauta\partituras\AAtochav.htm --> ftp.teleline.es /paginas/flauta/partituras/ AAtochav.htm
101.03.10 00:05 B C:\INTERNET\mis_páginas_web\flauta\partituras\alpasar.mid --> ftp.teleline.es /paginas/flauta/partituras/ alpasar.mid
101.03.10 00:05 B C:\INTERNET\mis_páginas_web\flauta\partituras\amboato.mid --> ftp.teleline.es /paginas/flauta/partituras/ amboato.mid
101.03.10 00:05 B C:\INTERNET\mis_páginas_web\flauta\partituras\amiburro.mid --> ftp.teleline.es /paginas/flauta/partituras/ amiburro.mid
101.03.10 00:05 B C:\INTERNET\mis_páginas_web\flauta\partituras\apedro.mid --> ftp.teleline.es /paginas/flauta/partituras/ apedro.mid
101.03.10 00:05 B C:\INTERNET\mis_páginas_web\flauta\partituras\arroyocl.mid --> ftp.teleline.es /paginas/flauta/partituras/ arroyocl.mid
101.03.10 00:05 B C:\INTERNET\mis_páginas_web\flauta\partituras\aserrin.mid --> ftp.teleline.es /paginas/flauta/partituras/ aserrin.mid
101.03.10 00:05 B C:\INTERNET\mis_páginas_web\flauta\partituras\carbsala.mid --> ftp.teleline.es /paginas/flauta/partituras/ carbsala.mid
101.03.10 00:05 B C:\INTERNET\mis_páginas_web\flauta\partituras\debajoun.mid --> ftp.teleline.es /paginas/flauta/partituras/ debajoun.mid
101.03.10 00:05 B C:\INTERNET\mis_páginas_web\flauta\partituras\decadiza.mid --> ftp.teleline.es /paginas/flauta/partituras/ decadiza.mid
101.03.10 00:05 B C:\INTERNET\mis_páginas_web\flauta\partituras\Doc1.htm --> ftp.teleline.es /paginas/flauta/partituras/ Doc1.htm
101.03.10 00:05 B C:\INTERNET\mis_páginas_web\flauta\partituras\elpatio.mid --> ftp.teleline.es /paginas/flauta/partituras/ elpatio.mid
101.03.10 00:05 B C:\INTERNET\mis_páginas_web\flauta\partituras\encadiz.mid --> ftp.teleline.es /paginas/flauta/partituras/ encadiz.mid
101.03.10 00:05 B C:\INTERNET\mis_páginas_web\flauta\partituras\enelsalo.mid --> ftp.teleline.es /paginas/flauta/partituras/ enelsalo.mid
101.03.10 00:05 B C:\INTERNET\mis_páginas_web\flauta\partituras\himalegr.mid --> ftp.teleline.es /paginas/flauta/partituras/ himalegr.mid
101.03.10 00:05 B C:\INTERNET\mis_páginas_web\flauta\partituras\jardiner.mid --> ftp.teleline.es /paginas/flauta/partituras/ jardiner.mid
101.03.10 00:05 B C:\INTERNET\mis_páginas_web\flauta\partituras\lacarbon.mid --> ftp.teleline.es /paginas/flauta/partituras/ lacarbon.mid
101.03.10 00:05 B C:\INTERNET\mis_páginas_web\flauta\partituras\lapastor.mid --> ftp.teleline.es /paginas/flauta/partituras/ lapastor.mid
101.03.10 00:05 B C:\INTERNET\mis_páginas_web\flauta\partituras\larana.mid --> ftp.teleline.es /paginas/flauta/partituras/ larana.mid
101.03.10 00:05 B C:\INTERNET\mis_páginas_web\flauta\partituras\lareina.mid --> ftp.teleline.es /paginas/flauta/partituras/ lareina.mid
101.03.10 00:05 B C:\INTERNET\mis_páginas_web\flauta\partituras\lasllave.mid --> ftp.teleline.es /paginas/flauta/partituras/ lasllave.mid
101.03.10 00:05 B C:\INTERNET\mis_páginas_web\flauta\partituras\losfanto.mid --> ftp.teleline.es /paginas/flauta/partituras/ losfanto.mid
101.03.10 00:05 B C:\INTERNET\mis_páginas_web\flauta\partituras\mambru.mid --> ftp.teleline.es /paginas/flauta/partituras/ mambru.mid
101.03.10 00:06 B C:\INTERNET\mis_páginas_web\flauta\partituras\medianar.mid --> ftp.teleline.es /paginas/flauta/partituras/ medianar.mid
101.03.10 00:06 B C:\INTERNET\mis_páginas_web\flauta\partituras\morito.mid --> ftp.teleline.es /paginas/flauta/partituras/ morito.mid
101.03.10 00:06 B C:\INTERNET\mis_páginas_web\flauta\partituras\PartituraAAtocha.htm --> ftp.teleline.es /paginas/flauta/partituras/ PartituraAAtocha.htm
101.03.10 00:06 B C:\INTERNET\mis_páginas_web\flauta\partituras\PartituraAlPasar.htm --> ftp.teleline.es /paginas/flauta/partituras/ PartituraAlPasar.htm
101.03.10 00:06 B C:\INTERNET\mis_páginas_web\flauta\partituras\PartituraAmboAto.htm --> ftp.teleline.es /paginas/flauta/partituras/ PartituraAmboAto.htm
101.03.10 00:06 B C:\INTERNET\mis_páginas_web\flauta\partituras\PartituraAmiBurro.htm --> ftp.teleline.es /paginas/flauta/partituras/ PartituraAmiBurro.htm
101.03.10 00:06 B C:\INTERNET\mis_páginas_web\flauta\partituras\PartituraAPedroComoEraCalvo.htm --> ftp.teleline.es /paginas/flauta/partituras/ PartituraAPedroComoEraCalvo.htm
101.03.10 00:06 B C:\INTERNET\mis_páginas_web\flauta\partituras\PartituraArroyoClaro.htm --> ftp.teleline.es /paginas/flauta/partituras/ PartituraArroyoClaro.htm
101.03.10 00:06 B C:\INTERNET\mis_páginas_web\flauta\partituras\PartituraAserrin.htm --> ftp.teleline.es /paginas/flauta/partituras/ PartituraAserrin.htm
101.03.10 00:06 B C:\INTERNET\mis_páginas_web\flauta\partituras\PartituracCARBONERITASALAMANCA.htm --> ftp.teleline.es /paginas/flauta/partituras/ PartituracCARBONERITASALAMANCA.htm
101.03.10 00:06 B C:\INTERNET\mis_páginas_web\flauta\partituras\PartituraDebajoUnBoton.htm --> ftp.teleline.es /paginas/flauta/partituras/ PartituraDebajoUnBoton.htm
101.03.10 00:06 B C:\INTERNET\mis_páginas_web\flauta\partituras\PartituraDeCadizAlPuerto.htm --> ftp.teleline.es /paginas/flauta/partituras/ PartituraDeCadizAlPuerto.htm
101.03.10 00:06 B C:\INTERNET\mis_páginas_web\flauta\partituras\PartituraElPatio.htm --> ftp.teleline.es /paginas/flauta/partituras/ PartituraElPatio.htm
101.03.10 00:06 B C:\INTERNET\mis_páginas_web\flauta\partituras\PartituraEnCádiz.htm --> ftp.teleline.es /paginas/flauta/partituras/ PartituraEnCádiz.htm
101.03.10 00:06 B C:\INTERNET\mis_páginas_web\flauta\partituras\PartituraEnElSalon.htm --> ftp.teleline.es /paginas/flauta/partituras/ PartituraEnElSalon.htm
101.03.10 00:06 B C:\INTERNET\mis_páginas_web\flauta\partituras\PartituraFANTOCHES.htm --> ftp.teleline.es /paginas/flauta/partituras/ PartituraFANTOCHES.htm
101.03.10 00:06 B C:\INTERNET\mis_páginas_web\flauta\partituras\PartituraHIMNOALEGRIA.htm --> ftp.teleline.es /paginas/flauta/partituras/ PartituraHIMNOALEGRIA.htm
101.03.10 00:06 B C:\INTERNET\mis_páginas_web\flauta\partituras\PartituraJARDINERITA.htm --> ftp.teleline.es /paginas/flauta/partituras/ PartituraJARDINERITA.htm
101.03.10 00:06 B C:\INTERNET\mis_páginas_web\flauta\partituras\PartituraLACARBONERITA.htm --> ftp.teleline.es /paginas/flauta/partituras/ PartituraLACARBONERITA.htm
101.03.10 00:06 B C:\INTERNET\mis_páginas_web\flauta\partituras\PartituraLAPASTORA.htm --> ftp.teleline.es /paginas/flauta/partituras/ PartituraLAPASTORA.htm
101.03.10 00:06 B C:\INTERNET\mis_páginas_web\flauta\partituras\PartituraLARANA.htm --> ftp.teleline.es /paginas/flauta/partituras/ PartituraLARANA.htm
101.03.10 00:06 B C:\INTERNET\mis_páginas_web\flauta\partituras\PartituraLAREINA.htm --> ftp.teleline.es /paginas/flauta/partituras/ PartituraLAREINA.htm
101.03.10 00:07 B C:\INTERNET\mis_páginas_web\flauta\partituras\PartituraLasLLaves.htm --> ftp.teleline.es /paginas/flauta/partituras/ PartituraLasLLaves.htm
101.03.10 00:07 B C:\INTERNET\mis_páginas_web\flauta\partituras\PartituraMAMBRU.htm --> ftp.teleline.es /paginas/flauta/partituras/ PartituraMAMBRU.htm
101.03.10 00:07 B C:\INTERNET\mis_páginas_web\flauta\partituras\PartituraMEDIANARANJA.htm --> ftp.teleline.es /paginas/flauta/partituras/ PartituraMEDIANARANJA.htm
101.03.10 00:07 B C:\INTERNET\mis_páginas_web\flauta\partituras\PartituraMORITO.htm --> ftp.teleline.es /paginas/flauta/partituras/ PartituraMORITO.htm
101.03.10 00:07 B C:\INTERNET\mis_páginas_web\flauta\partituras\PartituraPIMPON.htm --> ftp.teleline.es /paginas/flauta/partituras/ PartituraPIMPON.htm
101.03.10 00:07 B C:\INTERNET\mis_páginas_web\flauta\partituras\PartituraQUELLUEVA.htm --> ftp.teleline.es /paginas/flauta/partituras/ PartituraQUELLUEVA.htm
101.03.10 00:07 B C:\INTERNET\mis_páginas_web\flauta\partituras\PartituraRATONQUE.htm --> ftp.teleline.es /paginas/flauta/partituras/ PartituraRATONQUE.htm
101.03.10 00:07 B C:\INTERNET\mis_páginas_web\flauta\partituras\PartituraREINADELOSMARES.htm --> ftp.teleline.es /paginas/flauta/partituras/ PartituraREINADELOSMARES.htm
101.03.10 00:07 B C:\INTERNET\mis_páginas_web\flauta\partituras\partituras.htm --> ftp.teleline.es /paginas/flauta/partituras/ partituras.htm
101.03.10 00:07 B C:\INTERNET\mis_páginas_web\flauta\partituras\PartituraSERENIN1.htm --> ftp.teleline.es /paginas/flauta/partituras/ PartituraSERENIN1.htm
101.03.10 00:07 B C:\INTERNET\mis_páginas_web\flauta\partituras\PartituraSERENIN2.htm --> ftp.teleline.es /paginas/flauta/partituras/ PartituraSERENIN2.htm
101.03.10 00:07 B C:\INTERNET\mis_páginas_web\flauta\partituras\pimpon.mid --> ftp.teleline.es /paginas/flauta/partituras/ pimpon.mid
101.03.10 00:07 B C:\INTERNET\mis_páginas_web\flauta\partituras\quelluev.mid --> ftp.teleline.es /paginas/flauta/partituras/ quelluev.mid
101.03.10 00:07 B C:\INTERNET\mis_páginas_web\flauta\partituras\ratonque.mid --> ftp.teleline.es /paginas/flauta/partituras/ ratonque.mid
101.03.10 00:07 B C:\INTERNET\mis_páginas_web\flauta\partituras\saseren2.mid --> ftp.teleline.es /paginas/flauta/partituras/ saseren2.mid
101.03.10 00:07 B C:\INTERNET\mis_páginas_web\flauta\partituras\serenin1.mid --> ftp.teleline.es /paginas/flauta/partituras/ serenin1.mid
101.03.10 00:07 B C:\INTERNET\mis_páginas_web\flauta\partituras\soylarei.mid --> ftp.teleline.es /paginas/flauta/partituras/ soylarei.mid
101.03.10 00:12 B C:\INTERNET\mis_páginas_web\flauta\partituras\WS_FTP.LOG --> ftp.teleline.es /paginas/flauta/partituras/ WS_FTP.LOG
