101.04.07 15:38 B C:\DOCUMENTOS\MisWeb\inicio3\taller\TALLER DE INSTRUMENTOS_archivos\bg1.jpg --> ftp.espacio.ya.com /taller/TALLER DE INSTRUMENTOS_archivos bg1.jpg
101.04.07 15:38 B C:\DOCUMENTOS\MisWeb\inicio3\taller\TALLER DE INSTRUMENTOS_archivos\Botellas.html --> ftp.espacio.ya.com /taller/TALLER DE INSTRUMENTOS_archivos Botellas.html
101.04.07 15:38 B C:\DOCUMENTOS\MisWeb\inicio3\taller\TALLER DE INSTRUMENTOS_archivos\Cascabel1.html --> ftp.espacio.ya.com /taller/TALLER DE INSTRUMENTOS_archivos Cascabel1.html
101.04.07 15:38 B C:\DOCUMENTOS\MisWeb\inicio3\taller\TALLER DE INSTRUMENTOS_archivos\Cascabel1.~tml --> ftp.espacio.ya.com /taller/TALLER DE INSTRUMENTOS_archivos Cascabel1.~tml
101.04.07 15:38 B C:\DOCUMENTOS\MisWeb\inicio3\taller\TALLER DE INSTRUMENTOS_archivos\Cascabel2.html --> ftp.espacio.ya.com /taller/TALLER DE INSTRUMENTOS_archivos Cascabel2.html
101.04.07 15:38 B C:\DOCUMENTOS\MisWeb\inicio3\taller\TALLER DE INSTRUMENTOS_archivos\Cascabel2.~tml --> ftp.espacio.ya.com /taller/TALLER DE INSTRUMENTOS_archivos Cascabel2.~tml
101.04.07 15:38 B C:\DOCUMENTOS\MisWeb\inicio3\taller\TALLER DE INSTRUMENTOS_archivos\Castañuelas1.html --> ftp.espacio.ya.com /taller/TALLER DE INSTRUMENTOS_archivos Castañuelas1.html
101.04.07 15:38 B C:\DOCUMENTOS\MisWeb\inicio3\taller\TALLER DE INSTRUMENTOS_archivos\Castañuelas1.~tml --> ftp.espacio.ya.com /taller/TALLER DE INSTRUMENTOS_archivos Castañuelas1.~tml
101.04.07 15:38 B C:\DOCUMENTOS\MisWeb\inicio3\taller\TALLER DE INSTRUMENTOS_archivos\Clave.html --> ftp.espacio.ya.com /taller/TALLER DE INSTRUMENTOS_archivos Clave.html
101.04.07 15:38 B C:\DOCUMENTOS\MisWeb\inicio3\taller\TALLER DE INSTRUMENTOS_archivos\Clave.~tml --> ftp.espacio.ya.com /taller/TALLER DE INSTRUMENTOS_archivos Clave.~tml
101.04.07 15:39 B C:\DOCUMENTOS\MisWeb\inicio3\taller\TALLER DE INSTRUMENTOS_archivos\Cítara1.html --> ftp.espacio.ya.com /taller/TALLER DE INSTRUMENTOS_archivos Cítara1.html
101.04.07 15:39 B C:\DOCUMENTOS\MisWeb\inicio3\taller\TALLER DE INSTRUMENTOS_archivos\Cítara1.~tml --> ftp.espacio.ya.com /taller/TALLER DE INSTRUMENTOS_archivos Cítara1.~tml
101.04.07 15:39 B C:\DOCUMENTOS\MisWeb\inicio3\taller\TALLER DE INSTRUMENTOS_archivos\filelist.xml --> ftp.espacio.ya.com /taller/TALLER DE INSTRUMENTOS_archivos filelist.xml
101.04.07 15:39 B C:\DOCUMENTOS\MisWeb\inicio3\taller\TALLER DE INSTRUMENTOS_archivos\FlautaPan.html --> ftp.espacio.ya.com /taller/TALLER DE INSTRUMENTOS_archivos FlautaPan.html
101.04.07 15:39 B C:\DOCUMENTOS\MisWeb\inicio3\taller\TALLER DE INSTRUMENTOS_archivos\FlautaPan.~tml --> ftp.espacio.ya.com /taller/TALLER DE INSTRUMENTOS_archivos FlautaPan.~tml
101.04.07 15:39 B C:\DOCUMENTOS\MisWeb\inicio3\taller\TALLER DE INSTRUMENTOS_archivos\image001.gif --> ftp.espacio.ya.com /taller/TALLER DE INSTRUMENTOS_archivos image001.gif
101.04.07 15:39 B C:\DOCUMENTOS\MisWeb\inicio3\taller\TALLER DE INSTRUMENTOS_archivos\image001.jpg --> ftp.espacio.ya.com /taller/TALLER DE INSTRUMENTOS_archivos image001.jpg
101.04.07 15:39 B C:\DOCUMENTOS\MisWeb\inicio3\taller\TALLER DE INSTRUMENTOS_archivos\image002.jpg --> ftp.espacio.ya.com /taller/TALLER DE INSTRUMENTOS_archivos image002.jpg
101.04.07 15:39 B C:\DOCUMENTOS\MisWeb\inicio3\taller\TALLER DE INSTRUMENTOS_archivos\image003.jpg --> ftp.espacio.ya.com /taller/TALLER DE INSTRUMENTOS_archivos image003.jpg
101.04.07 15:39 B C:\DOCUMENTOS\MisWeb\inicio3\taller\TALLER DE INSTRUMENTOS_archivos\image004.gif --> ftp.espacio.ya.com /taller/TALLER DE INSTRUMENTOS_archivos image004.gif
101.04.07 15:39 B C:\DOCUMENTOS\MisWeb\inicio3\taller\TALLER DE INSTRUMENTOS_archivos\image005.gif --> ftp.espacio.ya.com /taller/TALLER DE INSTRUMENTOS_archivos image005.gif
101.04.07 15:39 B C:\DOCUMENTOS\MisWeb\inicio3\taller\TALLER DE INSTRUMENTOS_archivos\Maracas1.html --> ftp.espacio.ya.com /taller/TALLER DE INSTRUMENTOS_archivos Maracas1.html
101.04.07 15:39 B C:\DOCUMENTOS\MisWeb\inicio3\taller\TALLER DE INSTRUMENTOS_archivos\Maracas1.~tml --> ftp.espacio.ya.com /taller/TALLER DE INSTRUMENTOS_archivos Maracas1.~tml
101.04.07 15:39 B C:\DOCUMENTOS\MisWeb\inicio3\taller\TALLER DE INSTRUMENTOS_archivos\Maracas2.html --> ftp.espacio.ya.com /taller/TALLER DE INSTRUMENTOS_archivos Maracas2.html
101.04.07 15:39 B C:\DOCUMENTOS\MisWeb\inicio3\taller\TALLER DE INSTRUMENTOS_archivos\Maracas2.~tml --> ftp.espacio.ya.com /taller/TALLER DE INSTRUMENTOS_archivos Maracas2.~tml
101.04.07 15:39 B C:\DOCUMENTOS\MisWeb\inicio3\taller\TALLER DE INSTRUMENTOS_archivos\Maracas3.html --> ftp.espacio.ya.com /taller/TALLER DE INSTRUMENTOS_archivos Maracas3.html
101.04.07 15:39 B C:\DOCUMENTOS\MisWeb\inicio3\taller\TALLER DE INSTRUMENTOS_archivos\Maracas3.~tml --> ftp.espacio.ya.com /taller/TALLER DE INSTRUMENTOS_archivos Maracas3.~tml
101.04.07 15:40 B C:\DOCUMENTOS\MisWeb\inicio3\taller\TALLER DE INSTRUMENTOS_archivos\MiniMaracas.html --> ftp.espacio.ya.com /taller/TALLER DE INSTRUMENTOS_archivos MiniMaracas.html
101.04.07 15:40 B C:\DOCUMENTOS\MisWeb\inicio3\taller\TALLER DE INSTRUMENTOS_archivos\MiniMaracas.~tml --> ftp.espacio.ya.com /taller/TALLER DE INSTRUMENTOS_archivos MiniMaracas.~tml
101.04.07 15:40 B C:\DOCUMENTOS\MisWeb\inicio3\taller\TALLER DE INSTRUMENTOS_archivos\Nueces.html --> ftp.espacio.ya.com /taller/TALLER DE INSTRUMENTOS_archivos Nueces.html
101.04.07 15:40 B C:\DOCUMENTOS\MisWeb\inicio3\taller\TALLER DE INSTRUMENTOS_archivos\Nueces.~tml --> ftp.espacio.ya.com /taller/TALLER DE INSTRUMENTOS_archivos Nueces.~tml
101.04.07 15:40 B C:\DOCUMENTOS\MisWeb\inicio3\taller\TALLER DE INSTRUMENTOS_archivos\Palo de lluvia..html --> ftp.espacio.ya.com /taller/TALLER DE INSTRUMENTOS_archivos Palo de lluvia..html
101.04.07 15:40 B C:\DOCUMENTOS\MisWeb\inicio3\taller\TALLER DE INSTRUMENTOS_archivos\Palo de lluvia..~tml --> ftp.espacio.ya.com /taller/TALLER DE INSTRUMENTOS_archivos Palo de lluvia..~tml
101.04.07 15:41 B C:\DOCUMENTOS\MisWeb\inicio3\taller\TALLER DE INSTRUMENTOS_archivos\sansa.gif --> ftp.espacio.ya.com /taller/TALLER DE INSTRUMENTOS_archivos sansa.gif
101.04.07 15:41 B C:\DOCUMENTOS\MisWeb\inicio3\taller\TALLER DE INSTRUMENTOS_archivos\Sansa.html --> ftp.espacio.ya.com /taller/TALLER DE INSTRUMENTOS_archivos Sansa.html
101.04.07 15:41 B C:\DOCUMENTOS\MisWeb\inicio3\taller\TALLER DE INSTRUMENTOS_archivos\Sansa.~tml --> ftp.espacio.ya.com /taller/TALLER DE INSTRUMENTOS_archivos Sansa.~tml
101.04.07 15:41 B C:\DOCUMENTOS\MisWeb\inicio3\taller\TALLER DE INSTRUMENTOS_archivos\Sistro1.html --> ftp.espacio.ya.com /taller/TALLER DE INSTRUMENTOS_archivos Sistro1.html
101.04.07 15:41 B C:\DOCUMENTOS\MisWeb\inicio3\taller\TALLER DE INSTRUMENTOS_archivos\Sistro1.~tml --> ftp.espacio.ya.com /taller/TALLER DE INSTRUMENTOS_archivos Sistro1.~tml
101.04.07 15:41 B C:\DOCUMENTOS\MisWeb\inicio3\taller\TALLER DE INSTRUMENTOS_archivos\Sonajero1.html --> ftp.espacio.ya.com /taller/TALLER DE INSTRUMENTOS_archivos Sonajero1.html
101.04.07 15:41 B C:\DOCUMENTOS\MisWeb\inicio3\taller\TALLER DE INSTRUMENTOS_archivos\Sonajero1.~tml --> ftp.espacio.ya.com /taller/TALLER DE INSTRUMENTOS_archivos Sonajero1.~tml
101.04.07 15:41 B C:\DOCUMENTOS\MisWeb\inicio3\taller\TALLER DE INSTRUMENTOS_archivos\Sonajero2.html --> ftp.espacio.ya.com /taller/TALLER DE INSTRUMENTOS_archivos Sonajero2.html
101.04.07 15:41 B C:\DOCUMENTOS\MisWeb\inicio3\taller\TALLER DE INSTRUMENTOS_archivos\Sonajero2.~tml --> ftp.espacio.ya.com /taller/TALLER DE INSTRUMENTOS_archivos Sonajero2.~tml
101.04.07 15:41 B C:\DOCUMENTOS\MisWeb\inicio3\taller\TALLER DE INSTRUMENTOS_archivos\Tac-tac..html --> ftp.espacio.ya.com /taller/TALLER DE INSTRUMENTOS_archivos Tac-tac..html
101.04.07 15:42 B C:\DOCUMENTOS\MisWeb\inicio3\taller\TALLER DE INSTRUMENTOS_archivos\Tac-tac..~tml --> ftp.espacio.ya.com /taller/TALLER DE INSTRUMENTOS_archivos Tac-tac..~tml
101.04.07 15:42 B C:\DOCUMENTOS\MisWeb\inicio3\taller\TALLER DE INSTRUMENTOS_archivos\Tambor1.html --> ftp.espacio.ya.com /taller/TALLER DE INSTRUMENTOS_archivos Tambor1.html
101.04.07 15:42 B C:\DOCUMENTOS\MisWeb\inicio3\taller\TALLER DE INSTRUMENTOS_archivos\Tambor1.~tml --> ftp.espacio.ya.com /taller/TALLER DE INSTRUMENTOS_archivos Tambor1.~tml
101.04.10 00:40 B C:\DOCUMENTOS\MisWeb\inicio3\taller\TALLER DE INSTRUMENTOS_archivos\bg1.jpg --> ftp.elgratissitio.com /taller/TALLER DE INSTRUMENTOS_archivos bg1.jpg
101.04.10 00:40 B C:\DOCUMENTOS\MisWeb\inicio3\taller\TALLER DE INSTRUMENTOS_archivos\Botellas.html --> ftp.elgratissitio.com /taller/TALLER DE INSTRUMENTOS_archivos Botellas.html
101.04.10 00:40 B C:\DOCUMENTOS\MisWeb\inicio3\taller\TALLER DE INSTRUMENTOS_archivos\Cascabel1.html --> ftp.elgratissitio.com /taller/TALLER DE INSTRUMENTOS_archivos Cascabel1.html
101.04.10 00:40 B C:\DOCUMENTOS\MisWeb\inicio3\taller\TALLER DE INSTRUMENTOS_archivos\Cascabel1.~tml --> ftp.elgratissitio.com /taller/TALLER DE INSTRUMENTOS_archivos Cascabel1.~tml
101.04.10 00:40 B C:\DOCUMENTOS\MisWeb\inicio3\taller\TALLER DE INSTRUMENTOS_archivos\Cascabel2.html --> ftp.elgratissitio.com /taller/TALLER DE INSTRUMENTOS_archivos Cascabel2.html
101.04.10 00:40 B C:\DOCUMENTOS\MisWeb\inicio3\taller\TALLER DE INSTRUMENTOS_archivos\Cascabel2.~tml --> ftp.elgratissitio.com /taller/TALLER DE INSTRUMENTOS_archivos Cascabel2.~tml
101.04.10 00:41 B C:\DOCUMENTOS\MisWeb\inicio3\taller\TALLER DE INSTRUMENTOS_archivos\Castañuelas1.html --> ftp.elgratissitio.com /taller/TALLER DE INSTRUMENTOS_archivos Castañuelas1.html
101.04.10 00:41 B C:\DOCUMENTOS\MisWeb\inicio3\taller\TALLER DE INSTRUMENTOS_archivos\Castañuelas1.~tml --> ftp.elgratissitio.com /taller/TALLER DE INSTRUMENTOS_archivos Castañuelas1.~tml
101.04.10 00:41 B C:\DOCUMENTOS\MisWeb\inicio3\taller\TALLER DE INSTRUMENTOS_archivos\Clave.html --> ftp.elgratissitio.com /taller/TALLER DE INSTRUMENTOS_archivos Clave.html
101.04.10 00:41 B C:\DOCUMENTOS\MisWeb\inicio3\taller\TALLER DE INSTRUMENTOS_archivos\Clave.~tml --> ftp.elgratissitio.com /taller/TALLER DE INSTRUMENTOS_archivos Clave.~tml
101.04.10 00:41 B C:\DOCUMENTOS\MisWeb\inicio3\taller\TALLER DE INSTRUMENTOS_archivos\Cítara1.html --> ftp.elgratissitio.com /taller/TALLER DE INSTRUMENTOS_archivos Cítara1.html
101.04.10 00:41 B C:\DOCUMENTOS\MisWeb\inicio3\taller\TALLER DE INSTRUMENTOS_archivos\Cítara1.~tml --> ftp.elgratissitio.com /taller/TALLER DE INSTRUMENTOS_archivos Cítara1.~tml
101.04.10 00:41 B C:\DOCUMENTOS\MisWeb\inicio3\taller\TALLER DE INSTRUMENTOS_archivos\filelist.xml --> ftp.elgratissitio.com /taller/TALLER DE INSTRUMENTOS_archivos filelist.xml
101.04.10 00:41 B C:\DOCUMENTOS\MisWeb\inicio3\taller\TALLER DE INSTRUMENTOS_archivos\FlautaPan.html --> ftp.elgratissitio.com /taller/TALLER DE INSTRUMENTOS_archivos FlautaPan.html
101.04.10 00:41 B C:\DOCUMENTOS\MisWeb\inicio3\taller\TALLER DE INSTRUMENTOS_archivos\FlautaPan.~tml --> ftp.elgratissitio.com /taller/TALLER DE INSTRUMENTOS_archivos FlautaPan.~tml
101.04.10 00:41 B C:\DOCUMENTOS\MisWeb\inicio3\taller\TALLER DE INSTRUMENTOS_archivos\image001.gif --> ftp.elgratissitio.com /taller/TALLER DE INSTRUMENTOS_archivos image001.gif
101.04.10 00:41 B C:\DOCUMENTOS\MisWeb\inicio3\taller\TALLER DE INSTRUMENTOS_archivos\image001.jpg --> ftp.elgratissitio.com /taller/TALLER DE INSTRUMENTOS_archivos image001.jpg
101.04.10 00:41 B C:\DOCUMENTOS\MisWeb\inicio3\taller\TALLER DE INSTRUMENTOS_archivos\image002.jpg --> ftp.elgratissitio.com /taller/TALLER DE INSTRUMENTOS_archivos image002.jpg
101.04.10 00:41 B C:\DOCUMENTOS\MisWeb\inicio3\taller\TALLER DE INSTRUMENTOS_archivos\image003.jpg --> ftp.elgratissitio.com /taller/TALLER DE INSTRUMENTOS_archivos image003.jpg
101.04.10 00:41 B C:\DOCUMENTOS\MisWeb\inicio3\taller\TALLER DE INSTRUMENTOS_archivos\image004.gif --> ftp.elgratissitio.com /taller/TALLER DE INSTRUMENTOS_archivos image004.gif
101.04.10 00:41 B C:\DOCUMENTOS\MisWeb\inicio3\taller\TALLER DE INSTRUMENTOS_archivos\image005.gif --> ftp.elgratissitio.com /taller/TALLER DE INSTRUMENTOS_archivos image005.gif
101.04.10 00:41 B C:\DOCUMENTOS\MisWeb\inicio3\taller\TALLER DE INSTRUMENTOS_archivos\Maracas1.html --> ftp.elgratissitio.com /taller/TALLER DE INSTRUMENTOS_archivos Maracas1.html
101.04.10 00:41 B C:\DOCUMENTOS\MisWeb\inicio3\taller\TALLER DE INSTRUMENTOS_archivos\Maracas1.~tml --> ftp.elgratissitio.com /taller/TALLER DE INSTRUMENTOS_archivos Maracas1.~tml
101.04.10 00:41 B C:\DOCUMENTOS\MisWeb\inicio3\taller\TALLER DE INSTRUMENTOS_archivos\Maracas2.html --> ftp.elgratissitio.com /taller/TALLER DE INSTRUMENTOS_archivos Maracas2.html
101.04.10 00:41 B C:\DOCUMENTOS\MisWeb\inicio3\taller\TALLER DE INSTRUMENTOS_archivos\Maracas2.~tml --> ftp.elgratissitio.com /taller/TALLER DE INSTRUMENTOS_archivos Maracas2.~tml
101.04.10 00:41 B C:\DOCUMENTOS\MisWeb\inicio3\taller\TALLER DE INSTRUMENTOS_archivos\Maracas3.html --> ftp.elgratissitio.com /taller/TALLER DE INSTRUMENTOS_archivos Maracas3.html
101.04.10 00:42 B C:\DOCUMENTOS\MisWeb\inicio3\taller\TALLER DE INSTRUMENTOS_archivos\Maracas3.~tml --> ftp.elgratissitio.com /taller/TALLER DE INSTRUMENTOS_archivos Maracas3.~tml
101.04.10 00:42 B C:\DOCUMENTOS\MisWeb\inicio3\taller\TALLER DE INSTRUMENTOS_archivos\MiniMaracas.html --> ftp.elgratissitio.com /taller/TALLER DE INSTRUMENTOS_archivos MiniMaracas.html
101.04.10 00:42 B C:\DOCUMENTOS\MisWeb\inicio3\taller\TALLER DE INSTRUMENTOS_archivos\MiniMaracas.~tml --> ftp.elgratissitio.com /taller/TALLER DE INSTRUMENTOS_archivos MiniMaracas.~tml
101.04.10 00:42 B C:\DOCUMENTOS\MisWeb\inicio3\taller\TALLER DE INSTRUMENTOS_archivos\Nueces.html --> ftp.elgratissitio.com /taller/TALLER DE INSTRUMENTOS_archivos Nueces.html
101.04.10 00:42 B C:\DOCUMENTOS\MisWeb\inicio3\taller\TALLER DE INSTRUMENTOS_archivos\Nueces.~tml --> ftp.elgratissitio.com /taller/TALLER DE INSTRUMENTOS_archivos Nueces.~tml
101.04.10 00:42 B C:\DOCUMENTOS\MisWeb\inicio3\taller\TALLER DE INSTRUMENTOS_archivos\Palo de lluvia..html --> ftp.elgratissitio.com /taller/TALLER DE INSTRUMENTOS_archivos Palo de lluvia..html
101.04.10 00:42 B C:\DOCUMENTOS\MisWeb\inicio3\taller\TALLER DE INSTRUMENTOS_archivos\Palo de lluvia..~tml --> ftp.elgratissitio.com /taller/TALLER DE INSTRUMENTOS_archivos Palo de lluvia..~tml
101.04.10 00:43 B C:\DOCUMENTOS\MisWeb\inicio3\taller\TALLER DE INSTRUMENTOS_archivos\sansa.gif --> ftp.elgratissitio.com /taller/TALLER DE INSTRUMENTOS_archivos sansa.gif
101.04.10 00:43 B C:\DOCUMENTOS\MisWeb\inicio3\taller\TALLER DE INSTRUMENTOS_archivos\Sansa.html --> ftp.elgratissitio.com /taller/TALLER DE INSTRUMENTOS_archivos Sansa.html
101.04.10 00:43 B C:\DOCUMENTOS\MisWeb\inicio3\taller\TALLER DE INSTRUMENTOS_archivos\Sansa.~tml --> ftp.elgratissitio.com /taller/TALLER DE INSTRUMENTOS_archivos Sansa.~tml
101.04.10 00:43 B C:\DOCUMENTOS\MisWeb\inicio3\taller\TALLER DE INSTRUMENTOS_archivos\Sistro1.html --> ftp.elgratissitio.com /taller/TALLER DE INSTRUMENTOS_archivos Sistro1.html
101.04.10 00:43 B C:\DOCUMENTOS\MisWeb\inicio3\taller\TALLER DE INSTRUMENTOS_archivos\Sistro1.~tml --> ftp.elgratissitio.com /taller/TALLER DE INSTRUMENTOS_archivos Sistro1.~tml
101.04.10 00:43 B C:\DOCUMENTOS\MisWeb\inicio3\taller\TALLER DE INSTRUMENTOS_archivos\Sonajero1.html --> ftp.elgratissitio.com /taller/TALLER DE INSTRUMENTOS_archivos Sonajero1.html
101.04.10 00:43 B C:\DOCUMENTOS\MisWeb\inicio3\taller\TALLER DE INSTRUMENTOS_archivos\Sonajero1.~tml --> ftp.elgratissitio.com /taller/TALLER DE INSTRUMENTOS_archivos Sonajero1.~tml
101.04.10 00:43 B C:\DOCUMENTOS\MisWeb\inicio3\taller\TALLER DE INSTRUMENTOS_archivos\Sonajero2.html --> ftp.elgratissitio.com /taller/TALLER DE INSTRUMENTOS_archivos Sonajero2.html
101.04.10 00:43 B C:\DOCUMENTOS\MisWeb\inicio3\taller\TALLER DE INSTRUMENTOS_archivos\Sonajero2.~tml --> ftp.elgratissitio.com /taller/TALLER DE INSTRUMENTOS_archivos Sonajero2.~tml
101.04.10 00:44 B C:\DOCUMENTOS\MisWeb\inicio3\taller\TALLER DE INSTRUMENTOS_archivos\Tac-tac..html --> ftp.elgratissitio.com /taller/TALLER DE INSTRUMENTOS_archivos Tac-tac..html
101.04.10 00:44 B C:\DOCUMENTOS\MisWeb\inicio3\taller\TALLER DE INSTRUMENTOS_archivos\Tac-tac..~tml --> ftp.elgratissitio.com /taller/TALLER DE INSTRUMENTOS_archivos Tac-tac..~tml
101.04.10 00:44 B C:\DOCUMENTOS\MisWeb\inicio3\taller\TALLER DE INSTRUMENTOS_archivos\Tambor1.html --> ftp.elgratissitio.com /taller/TALLER DE INSTRUMENTOS_archivos Tambor1.html
101.04.10 00:44 B C:\DOCUMENTOS\MisWeb\inicio3\taller\TALLER DE INSTRUMENTOS_archivos\Tambor1.~tml --> ftp.elgratissitio.com /taller/TALLER DE INSTRUMENTOS_archivos Tambor1.~tml
101.04.10 00:44 B C:\DOCUMENTOS\MisWeb\inicio3\taller\TALLER DE INSTRUMENTOS_archivos\WS_FTP.LOG --> ftp.elgratissitio.com /taller/TALLER DE INSTRUMENTOS_archivos WS_FTP.LOG
