101.04.07 15:15 B C:\DOCUMENTOS\MisWeb\inicio3\lenguaje\LENGUAJE MUSICAL_archivos\PENTAGRAMA1_archivos\adicion1.gif --> ftp.espacio.ya.com /lenguaje/LENGUAJE MUSICAL_archivos/PENTAGRAMA1_archivos adicion1.gif
101.04.07 15:15 B C:\DOCUMENTOS\MisWeb\inicio3\lenguaje\LENGUAJE MUSICAL_archivos\PENTAGRAMA1_archivos\filelist.xml --> ftp.espacio.ya.com /lenguaje/LENGUAJE MUSICAL_archivos/PENTAGRAMA1_archivos filelist.xml
101.04.07 15:15 B C:\DOCUMENTOS\MisWeb\inicio3\lenguaje\LENGUAJE MUSICAL_archivos\PENTAGRAMA1_archivos\image001.jpg --> ftp.espacio.ya.com /lenguaje/LENGUAJE MUSICAL_archivos/PENTAGRAMA1_archivos image001.jpg
101.04.07 15:15 B C:\DOCUMENTOS\MisWeb\inicio3\lenguaje\LENGUAJE MUSICAL_archivos\PENTAGRAMA1_archivos\image002.jpg --> ftp.espacio.ya.com /lenguaje/LENGUAJE MUSICAL_archivos/PENTAGRAMA1_archivos image002.jpg
101.04.07 15:15 B C:\DOCUMENTOS\MisWeb\inicio3\lenguaje\LENGUAJE MUSICAL_archivos\PENTAGRAMA1_archivos\image003.gif --> ftp.espacio.ya.com /lenguaje/LENGUAJE MUSICAL_archivos/PENTAGRAMA1_archivos image003.gif
101.04.07 15:16 B C:\DOCUMENTOS\MisWeb\inicio3\lenguaje\LENGUAJE MUSICAL_archivos\PENTAGRAMA1_archivos\image004.gif --> ftp.espacio.ya.com /lenguaje/LENGUAJE MUSICAL_archivos/PENTAGRAMA1_archivos image004.gif
101.04.07 15:16 B C:\DOCUMENTOS\MisWeb\inicio3\lenguaje\LENGUAJE MUSICAL_archivos\PENTAGRAMA1_archivos\image005.gif --> ftp.espacio.ya.com /lenguaje/LENGUAJE MUSICAL_archivos/PENTAGRAMA1_archivos image005.gif
101.04.07 15:16 B C:\DOCUMENTOS\MisWeb\inicio3\lenguaje\LENGUAJE MUSICAL_archivos\PENTAGRAMA1_archivos\image006.gif --> ftp.espacio.ya.com /lenguaje/LENGUAJE MUSICAL_archivos/PENTAGRAMA1_archivos image006.gif
101.04.07 15:16 B C:\DOCUMENTOS\MisWeb\inicio3\lenguaje\LENGUAJE MUSICAL_archivos\PENTAGRAMA1_archivos\image007.gif --> ftp.espacio.ya.com /lenguaje/LENGUAJE MUSICAL_archivos/PENTAGRAMA1_archivos image007.gif
101.04.07 15:16 B C:\DOCUMENTOS\MisWeb\inicio3\lenguaje\LENGUAJE MUSICAL_archivos\PENTAGRAMA1_archivos\image008.gif --> ftp.espacio.ya.com /lenguaje/LENGUAJE MUSICAL_archivos/PENTAGRAMA1_archivos image008.gif
101.04.07 15:16 B C:\DOCUMENTOS\MisWeb\inicio3\lenguaje\LENGUAJE MUSICAL_archivos\PENTAGRAMA1_archivos\image009.gif --> ftp.espacio.ya.com /lenguaje/LENGUAJE MUSICAL_archivos/PENTAGRAMA1_archivos image009.gif
101.04.07 15:16 B C:\DOCUMENTOS\MisWeb\inicio3\lenguaje\LENGUAJE MUSICAL_archivos\PENTAGRAMA1_archivos\image010.gif --> ftp.espacio.ya.com /lenguaje/LENGUAJE MUSICAL_archivos/PENTAGRAMA1_archivos image010.gif
101.04.07 15:16 B C:\DOCUMENTOS\MisWeb\inicio3\lenguaje\LENGUAJE MUSICAL_archivos\PENTAGRAMA1_archivos\image011.gif --> ftp.espacio.ya.com /lenguaje/LENGUAJE MUSICAL_archivos/PENTAGRAMA1_archivos image011.gif
101.04.07 15:16 B C:\DOCUMENTOS\MisWeb\inicio3\lenguaje\LENGUAJE MUSICAL_archivos\PENTAGRAMA1_archivos\image012.gif --> ftp.espacio.ya.com /lenguaje/LENGUAJE MUSICAL_archivos/PENTAGRAMA1_archivos image012.gif
101.04.07 15:16 B C:\DOCUMENTOS\MisWeb\inicio3\lenguaje\LENGUAJE MUSICAL_archivos\PENTAGRAMA1_archivos\image013.gif --> ftp.espacio.ya.com /lenguaje/LENGUAJE MUSICAL_archivos/PENTAGRAMA1_archivos image013.gif
101.04.10 00:15 B C:\DOCUMENTOS\MisWeb\inicio3\lenguaje\LENGUAJE MUSICAL_archivos\PENTAGRAMA1_archivos\adicion1.gif --> ftp.elgratissitio.com /lenguaje/LENGUAJE MUSICAL_archivos/PENTAGRAMA1_archivos adicion1.gif
101.04.10 00:15 B C:\DOCUMENTOS\MisWeb\inicio3\lenguaje\LENGUAJE MUSICAL_archivos\PENTAGRAMA1_archivos\filelist.xml --> ftp.elgratissitio.com /lenguaje/LENGUAJE MUSICAL_archivos/PENTAGRAMA1_archivos filelist.xml
101.04.10 00:15 B C:\DOCUMENTOS\MisWeb\inicio3\lenguaje\LENGUAJE MUSICAL_archivos\PENTAGRAMA1_archivos\image001.jpg --> ftp.elgratissitio.com /lenguaje/LENGUAJE MUSICAL_archivos/PENTAGRAMA1_archivos image001.jpg
101.04.10 00:15 B C:\DOCUMENTOS\MisWeb\inicio3\lenguaje\LENGUAJE MUSICAL_archivos\PENTAGRAMA1_archivos\image002.jpg --> ftp.elgratissitio.com /lenguaje/LENGUAJE MUSICAL_archivos/PENTAGRAMA1_archivos image002.jpg
101.04.10 00:15 B C:\DOCUMENTOS\MisWeb\inicio3\lenguaje\LENGUAJE MUSICAL_archivos\PENTAGRAMA1_archivos\image003.gif --> ftp.elgratissitio.com /lenguaje/LENGUAJE MUSICAL_archivos/PENTAGRAMA1_archivos image003.gif
101.04.10 00:15 B C:\DOCUMENTOS\MisWeb\inicio3\lenguaje\LENGUAJE MUSICAL_archivos\PENTAGRAMA1_archivos\image004.gif --> ftp.elgratissitio.com /lenguaje/LENGUAJE MUSICAL_archivos/PENTAGRAMA1_archivos image004.gif
101.04.10 00:15 B C:\DOCUMENTOS\MisWeb\inicio3\lenguaje\LENGUAJE MUSICAL_archivos\PENTAGRAMA1_archivos\image005.gif --> ftp.elgratissitio.com /lenguaje/LENGUAJE MUSICAL_archivos/PENTAGRAMA1_archivos image005.gif
101.04.10 00:15 B C:\DOCUMENTOS\MisWeb\inicio3\lenguaje\LENGUAJE MUSICAL_archivos\PENTAGRAMA1_archivos\image006.gif --> ftp.elgratissitio.com /lenguaje/LENGUAJE MUSICAL_archivos/PENTAGRAMA1_archivos image006.gif
101.04.10 00:15 B C:\DOCUMENTOS\MisWeb\inicio3\lenguaje\LENGUAJE MUSICAL_archivos\PENTAGRAMA1_archivos\image007.gif --> ftp.elgratissitio.com /lenguaje/LENGUAJE MUSICAL_archivos/PENTAGRAMA1_archivos image007.gif
101.04.10 00:15 B C:\DOCUMENTOS\MisWeb\inicio3\lenguaje\LENGUAJE MUSICAL_archivos\PENTAGRAMA1_archivos\image008.gif --> ftp.elgratissitio.com /lenguaje/LENGUAJE MUSICAL_archivos/PENTAGRAMA1_archivos image008.gif
101.04.10 00:15 B C:\DOCUMENTOS\MisWeb\inicio3\lenguaje\LENGUAJE MUSICAL_archivos\PENTAGRAMA1_archivos\image009.gif --> ftp.elgratissitio.com /lenguaje/LENGUAJE MUSICAL_archivos/PENTAGRAMA1_archivos image009.gif
101.04.10 00:16 B C:\DOCUMENTOS\MisWeb\inicio3\lenguaje\LENGUAJE MUSICAL_archivos\PENTAGRAMA1_archivos\image010.gif --> ftp.elgratissitio.com /lenguaje/LENGUAJE MUSICAL_archivos/PENTAGRAMA1_archivos image010.gif
101.04.10 00:16 B C:\DOCUMENTOS\MisWeb\inicio3\lenguaje\LENGUAJE MUSICAL_archivos\PENTAGRAMA1_archivos\image011.gif --> ftp.elgratissitio.com /lenguaje/LENGUAJE MUSICAL_archivos/PENTAGRAMA1_archivos image011.gif
101.04.10 00:16 B C:\DOCUMENTOS\MisWeb\inicio3\lenguaje\LENGUAJE MUSICAL_archivos\PENTAGRAMA1_archivos\image012.gif --> ftp.elgratissitio.com /lenguaje/LENGUAJE MUSICAL_archivos/PENTAGRAMA1_archivos image012.gif
101.04.10 00:16 B C:\DOCUMENTOS\MisWeb\inicio3\lenguaje\LENGUAJE MUSICAL_archivos\PENTAGRAMA1_archivos\image013.gif --> ftp.elgratissitio.com /lenguaje/LENGUAJE MUSICAL_archivos/PENTAGRAMA1_archivos image013.gif
101.04.10 00:16 B C:\DOCUMENTOS\MisWeb\inicio3\lenguaje\LENGUAJE MUSICAL_archivos\PENTAGRAMA1_archivos\WS_FTP.LOG --> ftp.elgratissitio.com /lenguaje/LENGUAJE MUSICAL_archivos/PENTAGRAMA1_archivos WS_FTP.LOG
