101.04.07 15:16 B C:\DOCUMENTOS\MisWeb\inicio3\lenguaje\LENGUAJE MUSICAL_archivos\PROLONGACIÓN_archivos\filelist.xml --> ftp.espacio.ya.com /lenguaje/LENGUAJE MUSICAL_archivos/PROLONGACIÓN_archivos filelist.xml
101.04.07 15:16 B C:\DOCUMENTOS\MisWeb\inicio3\lenguaje\LENGUAJE MUSICAL_archivos\PROLONGACIÓN_archivos\image001.jpg --> ftp.espacio.ya.com /lenguaje/LENGUAJE MUSICAL_archivos/PROLONGACIÓN_archivos image001.jpg
101.04.07 15:16 B C:\DOCUMENTOS\MisWeb\inicio3\lenguaje\LENGUAJE MUSICAL_archivos\PROLONGACIÓN_archivos\image002.jpg --> ftp.espacio.ya.com /lenguaje/LENGUAJE MUSICAL_archivos/PROLONGACIÓN_archivos image002.jpg
101.04.07 15:16 B C:\DOCUMENTOS\MisWeb\inicio3\lenguaje\LENGUAJE MUSICAL_archivos\PROLONGACIÓN_archivos\image003.gif --> ftp.espacio.ya.com /lenguaje/LENGUAJE MUSICAL_archivos/PROLONGACIÓN_archivos image003.gif
101.04.07 15:16 B C:\DOCUMENTOS\MisWeb\inicio3\lenguaje\LENGUAJE MUSICAL_archivos\PROLONGACIÓN_archivos\image004.gif --> ftp.espacio.ya.com /lenguaje/LENGUAJE MUSICAL_archivos/PROLONGACIÓN_archivos image004.gif
101.04.07 15:16 B C:\DOCUMENTOS\MisWeb\inicio3\lenguaje\LENGUAJE MUSICAL_archivos\PROLONGACIÓN_archivos\image005.jpg --> ftp.espacio.ya.com /lenguaje/LENGUAJE MUSICAL_archivos/PROLONGACIÓN_archivos image005.jpg
101.04.07 15:16 B C:\DOCUMENTOS\MisWeb\inicio3\lenguaje\LENGUAJE MUSICAL_archivos\PROLONGACIÓN_archivos\image006.gif --> ftp.espacio.ya.com /lenguaje/LENGUAJE MUSICAL_archivos/PROLONGACIÓN_archivos image006.gif
101.04.07 15:16 B C:\DOCUMENTOS\MisWeb\inicio3\lenguaje\LENGUAJE MUSICAL_archivos\PROLONGACIÓN_archivos\image007.jpg --> ftp.espacio.ya.com /lenguaje/LENGUAJE MUSICAL_archivos/PROLONGACIÓN_archivos image007.jpg
101.04.07 15:17 B C:\DOCUMENTOS\MisWeb\inicio3\lenguaje\LENGUAJE MUSICAL_archivos\PROLONGACIÓN_archivos\image008.gif --> ftp.espacio.ya.com /lenguaje/LENGUAJE MUSICAL_archivos/PROLONGACIÓN_archivos image008.gif
101.04.07 15:17 B C:\DOCUMENTOS\MisWeb\inicio3\lenguaje\LENGUAJE MUSICAL_archivos\PROLONGACIÓN_archivos\image009.gif --> ftp.espacio.ya.com /lenguaje/LENGUAJE MUSICAL_archivos/PROLONGACIÓN_archivos image009.gif
101.04.07 15:17 B C:\DOCUMENTOS\MisWeb\inicio3\lenguaje\LENGUAJE MUSICAL_archivos\PROLONGACIÓN_archivos\image010.gif --> ftp.espacio.ya.com /lenguaje/LENGUAJE MUSICAL_archivos/PROLONGACIÓN_archivos image010.gif
101.04.10 00:16 B C:\DOCUMENTOS\MisWeb\inicio3\lenguaje\LENGUAJE MUSICAL_archivos\PROLONGACIÓN_archivos\filelist.xml --> ftp.elgratissitio.com /lenguaje/LENGUAJE MUSICAL_archivos/PROLONGACIÓN_archivos filelist.xml
101.04.10 00:16 B C:\DOCUMENTOS\MisWeb\inicio3\lenguaje\LENGUAJE MUSICAL_archivos\PROLONGACIÓN_archivos\image001.jpg --> ftp.elgratissitio.com /lenguaje/LENGUAJE MUSICAL_archivos/PROLONGACIÓN_archivos image001.jpg
101.04.10 00:16 B C:\DOCUMENTOS\MisWeb\inicio3\lenguaje\LENGUAJE MUSICAL_archivos\PROLONGACIÓN_archivos\image002.jpg --> ftp.elgratissitio.com /lenguaje/LENGUAJE MUSICAL_archivos/PROLONGACIÓN_archivos image002.jpg
101.04.10 00:16 B C:\DOCUMENTOS\MisWeb\inicio3\lenguaje\LENGUAJE MUSICAL_archivos\PROLONGACIÓN_archivos\image003.gif --> ftp.elgratissitio.com /lenguaje/LENGUAJE MUSICAL_archivos/PROLONGACIÓN_archivos image003.gif
101.04.10 00:16 B C:\DOCUMENTOS\MisWeb\inicio3\lenguaje\LENGUAJE MUSICAL_archivos\PROLONGACIÓN_archivos\image004.gif --> ftp.elgratissitio.com /lenguaje/LENGUAJE MUSICAL_archivos/PROLONGACIÓN_archivos image004.gif
101.04.10 00:16 B C:\DOCUMENTOS\MisWeb\inicio3\lenguaje\LENGUAJE MUSICAL_archivos\PROLONGACIÓN_archivos\image005.jpg --> ftp.elgratissitio.com /lenguaje/LENGUAJE MUSICAL_archivos/PROLONGACIÓN_archivos image005.jpg
101.04.10 00:16 B C:\DOCUMENTOS\MisWeb\inicio3\lenguaje\LENGUAJE MUSICAL_archivos\PROLONGACIÓN_archivos\image006.gif --> ftp.elgratissitio.com /lenguaje/LENGUAJE MUSICAL_archivos/PROLONGACIÓN_archivos image006.gif
101.04.10 00:16 B C:\DOCUMENTOS\MisWeb\inicio3\lenguaje\LENGUAJE MUSICAL_archivos\PROLONGACIÓN_archivos\image007.jpg --> ftp.elgratissitio.com /lenguaje/LENGUAJE MUSICAL_archivos/PROLONGACIÓN_archivos image007.jpg
101.04.10 00:16 B C:\DOCUMENTOS\MisWeb\inicio3\lenguaje\LENGUAJE MUSICAL_archivos\PROLONGACIÓN_archivos\image008.gif --> ftp.elgratissitio.com /lenguaje/LENGUAJE MUSICAL_archivos/PROLONGACIÓN_archivos image008.gif
101.04.10 00:16 B C:\DOCUMENTOS\MisWeb\inicio3\lenguaje\LENGUAJE MUSICAL_archivos\PROLONGACIÓN_archivos\image009.gif --> ftp.elgratissitio.com /lenguaje/LENGUAJE MUSICAL_archivos/PROLONGACIÓN_archivos image009.gif
101.04.10 00:16 B C:\DOCUMENTOS\MisWeb\inicio3\lenguaje\LENGUAJE MUSICAL_archivos\PROLONGACIÓN_archivos\image010.gif --> ftp.elgratissitio.com /lenguaje/LENGUAJE MUSICAL_archivos/PROLONGACIÓN_archivos image010.gif
101.04.10 00:17 B C:\DOCUMENTOS\MisWeb\inicio3\lenguaje\LENGUAJE MUSICAL_archivos\PROLONGACIÓN_archivos\WS_FTP.LOG --> ftp.elgratissitio.com /lenguaje/LENGUAJE MUSICAL_archivos/PROLONGACIÓN_archivos WS_FTP.LOG
